Archive member included because of file (symbol)

c:/program files (x86)/gnu tools arm embedded/4.9 2014q4/bin/../lib/gcc/arm-none-eabi/4.9.3/../../../../arm-none-eabi/lib/armv7e-m\libm.a(lib_a-s_cos.o)
                              ..\obj\utilplus.o (cos)
c:/program files (x86)/gnu tools arm embedded/4.9 2014q4/bin/../lib/gcc/arm-none-eabi/4.9.3/../../../../arm-none-eabi/lib/armv7e-m\libm.a(lib_a-s_sin.o)
                              ..\obj\utilplus.o (sin)
c:/program files (x86)/gnu tools arm embedded/4.9 2014q4/bin/../lib/gcc/arm-none-eabi/4.9.3/../../../../arm-none-eabi/lib/armv7e-m\libm.a(lib_a-sf_atan.o)
                              ..\obj\main.o (atanf)
c:/program files (x86)/gnu tools arm embedded/4.9 2014q4/bin/../lib/gcc/arm-none-eabi/4.9.3/../../../../arm-none-eabi/lib/armv7e-m\libm.a(lib_a-sf_cos.o)
                              ..\obj\utilplus.o (cosf)
c:/program files (x86)/gnu tools arm embedded/4.9 2014q4/bin/../lib/gcc/arm-none-eabi/4.9.3/../../../../arm-none-eabi/lib/armv7e-m\libm.a(lib_a-sf_fabs.o)
                              c:/program files (x86)/gnu tools arm embedded/4.9 2014q4/bin/../lib/gcc/arm-none-eabi/4.9.3/../../../../arm-none-eabi/lib/armv7e-m\libm.a(lib_a-sf_atan.o) (fabsf)
c:/program files (x86)/gnu tools arm embedded/4.9 2014q4/bin/../lib/gcc/arm-none-eabi/4.9.3/../../../../arm-none-eabi/lib/armv7e-m\libm.a(lib_a-sf_sin.o)
                              ..\obj\utilplus.o (sinf)
c:/program files (x86)/gnu tools arm embedded/4.9 2014q4/bin/../lib/gcc/arm-none-eabi/4.9.3/../../../../arm-none-eabi/lib/armv7e-m\libm.a(lib_a-w_pow.o)
                              ..\obj\name_converter.o (pow)
c:/program files (x86)/gnu tools arm embedded/4.9 2014q4/bin/../lib/gcc/arm-none-eabi/4.9.3/../../../../arm-none-eabi/lib/armv7e-m\libm.a(lib_a-wf_acos.o)
                              ..\obj\utilplus.o (acosf)
c:/program files (x86)/gnu tools arm embedded/4.9 2014q4/bin/../lib/gcc/arm-none-eabi/4.9.3/../../../../arm-none-eabi/lib/armv7e-m\libm.a(lib_a-wf_atan2.o)
                              ..\obj\utilplus.o (atan2f)
c:/program files (x86)/gnu tools arm embedded/4.9 2014q4/bin/../lib/gcc/arm-none-eabi/4.9.3/../../../../arm-none-eabi/lib/armv7e-m\libm.a(lib_a-wf_hypot.o)
                              ..\obj\main.o (hypotf)
c:/program files (x86)/gnu tools arm embedded/4.9 2014q4/bin/../lib/gcc/arm-none-eabi/4.9.3/../../../../arm-none-eabi/lib/armv7e-m\libm.a(lib_a-wf_pow.o)
                              ..\obj\utilplus.o (powf)
c:/program files (x86)/gnu tools arm embedded/4.9 2014q4/bin/../lib/gcc/arm-none-eabi/4.9.3/../../../../arm-none-eabi/lib/armv7e-m\libm.a(lib_a-wf_sqrt.o)
                              ..\obj\utilplus.o (sqrtf)
c:/program files (x86)/gnu tools arm embedded/4.9 2014q4/bin/../lib/gcc/arm-none-eabi/4.9.3/../../../../arm-none-eabi/lib/armv7e-m\libm.a(lib_a-e_pow.o)
                              c:/program files (x86)/gnu tools arm embedded/4.9 2014q4/bin/../lib/gcc/arm-none-eabi/4.9.3/../../../../arm-none-eabi/lib/armv7e-m\libm.a(lib_a-w_pow.o) (__ieee754_pow)
c:/program files (x86)/gnu tools arm embedded/4.9 2014q4/bin/../lib/gcc/arm-none-eabi/4.9.3/../../../../arm-none-eabi/lib/armv7e-m\libm.a(lib_a-e_rem_pio2.o)
                              c:/program files (x86)/gnu tools arm embedded/4.9 2014q4/bin/../lib/gcc/arm-none-eabi/4.9.3/../../../../arm-none-eabi/lib/armv7e-m\libm.a(lib_a-s_cos.o) (__ieee754_rem_pio2)
c:/program files (x86)/gnu tools arm embedded/4.9 2014q4/bin/../lib/gcc/arm-none-eabi/4.9.3/../../../../arm-none-eabi/lib/armv7e-m\libm.a(lib_a-e_sqrt.o)
                              c:/program files (x86)/gnu tools arm embedded/4.9 2014q4/bin/../lib/gcc/arm-none-eabi/4.9.3/../../../../arm-none-eabi/lib/armv7e-m\libm.a(lib_a-e_pow.o) (__ieee754_sqrt)
c:/program files (x86)/gnu tools arm embedded/4.9 2014q4/bin/../lib/gcc/arm-none-eabi/4.9.3/../../../../arm-none-eabi/lib/armv7e-m\libm.a(lib_a-ef_acos.o)
                              c:/program files (x86)/gnu tools arm embedded/4.9 2014q4/bin/../lib/gcc/arm-none-eabi/4.9.3/../../../../arm-none-eabi/lib/armv7e-m\libm.a(lib_a-wf_acos.o) (__ieee754_acosf)
c:/program files (x86)/gnu tools arm embedded/4.9 2014q4/bin/../lib/gcc/arm-none-eabi/4.9.3/../../../../arm-none-eabi/lib/armv7e-m\libm.a(lib_a-ef_atan2.o)
                              c:/program files (x86)/gnu tools arm embedded/4.9 2014q4/bin/../lib/gcc/arm-none-eabi/4.9.3/../../../../arm-none-eabi/lib/armv7e-m\libm.a(lib_a-wf_atan2.o) (__ieee754_atan2f)
c:/program files (x86)/gnu tools arm embedded/4.9 2014q4/bin/../lib/gcc/arm-none-eabi/4.9.3/../../../../arm-none-eabi/lib/armv7e-m\libm.a(lib_a-ef_hypot.o)
                              c:/program files (x86)/gnu tools arm embedded/4.9 2014q4/bin/../lib/gcc/arm-none-eabi/4.9.3/../../../../arm-none-eabi/lib/armv7e-m\libm.a(lib_a-wf_hypot.o) (__ieee754_hypotf)
[...]
Memory Configuration

Name             Origin             Length             Attributes
rom              0x08000000         0x00100000         xr
ram              0x20000000         0x00020000         xrw
ram1             0x10000000         0x00010000         xrw
*default*        0x00000000         0xffffffff

Linker script and memory map

LOAD c:/program files (x86)/gnu tools arm embedded/4.9 2014q4/bin/../lib/gcc/arm-none-eabi/4.9.3/armv7e-m/crti.o
LOAD c:/program files (x86)/gnu tools arm embedded/4.9 2014q4/bin/../lib/gcc/arm-none-eabi/4.9.3/armv7e-m/crtbegin.o
LOAD c:/program files (x86)/gnu tools arm embedded/4.9 2014q4/bin/../lib/gcc/arm-none-eabi/4.9.3/../../../../arm-none-eabi/lib/armv7e-m/crt0.o
                0x20020000                _eram = 0x20020000

.text           0x08000000    0x213c8
 *(.isr_vector)
 .isr_vector    0x08000000      0x188 ..\obj\startup_stm32f4xx.o
                0x08000000                g_pfnVectors
 *(.text*)
 .text          0x08000188       0x5c c:/program files (x86)/gnu tools arm embedded/4.9 2014q4/bin/../lib/gcc/arm-none-eabi/4.9.3/armv7e-m/crtbegin.o
 .text.Set_duty
                0x080001e4       0xc4 ..\obj\config_pwm.o
                0x080001e4                Set_duty
 .text.Read_duty
                0x080002a8       0x68 ..\obj\config_pwm.o
                0x080002a8                Read_duty
 .text.Init_PWM
                0x08000310      0x2b4 ..\obj\config_pwm.o
                0x08000310                Init_PWM
 .text.USB_OTG_WritePacket
                0x080005c4       0x78 ..\obj\usb_core.o
                0x080005c4                USB_OTG_WritePacket
 .text.USB_OTG_ReadPacket
                0x0800063c       0x58 ..\obj\usb_core.o
                0x0800063c                USB_OTG_ReadPacket
 .text.USB_OTG_FlushTxFifo
                0x08000694       0x7c ..\obj\usb_core.o
                0x08000694                USB_OTG_FlushTxFifo
 .text.USB_OTG_GetMode
                0x08000710       0x20 ..\obj\usb_core.o
                0x08000710                USB_OTG_GetMode
 .text.USB_OTG_IsDeviceMode
                0x08000730       0x24 ..\obj\usb_core.o
                0x08000730                USB_OTG_IsDeviceMode
 .text.USB_OTG_ReadCoreItr
                0x08000754       0x30 ..\obj\usb_core.o
                0x08000754                USB_OTG_ReadCoreItr
 .text.USB_OTG_GetDeviceSpeed
                0x08000784       0x48 ..\obj\usb_core.o
                0x08000784                USB_OTG_GetDeviceSpeed
 .text.USB_OTG_EP0Activate
                0x080007cc       0x78 ..\obj\usb_core.o
                0x080007cc                USB_OTG_EP0Activate
 .text.USB_OTG_EPActivate
                0x08000844       0xdc ..\obj\usb_core.o
                0x08000844                USB_OTG_EPActivate
 .text.USB_OTG_EPStartXfer
                0x08000920      0x280 ..\obj\usb_core.o
                0x08000920                USB_OTG_EPStartXfer
 .text.USB_OTG_EP0StartXfer
                0x08000ba0      0x1d4 ..\obj\usb_core.o
                0x08000ba0                USB_OTG_EP0StartXfer
 .text.USB_OTG_EPSetStall
                0x08000d74       0x88 ..\obj\usb_core.o
                0x08000d74                USB_OTG_EPSetStall
 .text.USB_OTG_EPClearStall
                0x08000dfc       0x78 ..\obj\usb_core.o
                0x08000dfc                USB_OTG_EPClearStall
 .text.USB_OTG_ReadDevAllOutEp_itr
                0x08000e74       0x2c ..\obj\usb_core.o
                0x08000e74                USB_OTG_ReadDevAllOutEp_itr
 .text.USB_OTG_ReadDevOutEP_itr
                0x08000ea0       0x38 ..\obj\usb_core.o
                0x08000ea0                USB_OTG_ReadDevOutEP_itr
 .text.USB_OTG_ReadDevAllInEPItr
                0x08000ed8       0x2c ..\obj\usb_core.o
                0x08000ed8                USB_OTG_ReadDevAllInEPItr
 .text.USB_OTG_EP0_OutStart
                0x08000f04       0x70 ..\obj\usb_core.o
                0x08000f04                USB_OTG_EP0_OutStart
 .text.USB_OTG_UngateClock
                0x08000f74       0x54 ..\obj\usb_core.o
                0x08000f74                USB_OTG_UngateClock
 .text.Init_port
                0x08000fc8       0xc4 ..\obj\config_port.o
                0x08000fc8                Init_port
 .text.SDIO_ITConfig
                0x0800108c       0x3c ..\obj\stm32f4xx_sdio.o
                0x0800108c                SDIO_ITConfig
 .text.SDIO_GetITStatus
                0x080010c8       0x34 ..\obj\stm32f4xx_sdio.o
                0x080010c8                SDIO_GetITStatus
 .text.SDIO_ClearITPendingBit
                0x080010fc       0x1c ..\obj\stm32f4xx_sdio.o
                0x080010fc                SDIO_ClearITPendingBit
 .text._ZN6MiniMDC2ER7DigitalS1_R3Pwm
                0x08001118       0x30 ..\obj\mini_md.o
                0x08001118                MiniMD::MiniMD(Digital&, Digital&, Pwm&)
                0x08001118                MiniMD::MiniMD(Digital&, Digital&, Pwm&)
 .text._ZN6MiniMD5setupEf
                0x08001148       0x98 ..\obj\mini_md.o
                0x08001148                MiniMD::setup(float)
 .text._ZN6MiniMD4dutyEf
                0x080011e0       0x28 ..\obj\mini_md.o
                0x080011e0                MiniMD::duty(float)
 .text._ZN6MiniMD5cycleEv
                0x08001208      0x104 ..\obj\mini_md.o
                0x08001208                MiniMD::cycle()
 .text.TIM1_UP_TIM10_IRQHandler
                0x0800130c       0x48 ..\obj\config_encoder.o
                0x0800130c                TIM1_UP_TIM10_IRQHandler
 .text.TIM2_IRQHandler
                0x08001354       0x4c ..\obj\config_encoder.o
                0x08001354                TIM2_IRQHandler
 .text.TIM3_IRQHandler
                0x080013a0       0x48 ..\obj\config_encoder.o
                0x080013a0                TIM3_IRQHandler
 .text.TIM4_IRQHandler
                0x080013e8       0x48 ..\obj\config_encoder.o
                0x080013e8                TIM4_IRQHandler
 .text.TIM5_IRQHandler
                0x08001430       0x48 ..\obj\config_encoder.o
                0x08001430                TIM5_IRQHandler
 .text.TIM8_UP_TIM13_IRQHandler
                0x08001478       0x48 ..\obj\config_encoder.o
                0x08001478                TIM8_UP_TIM13_IRQHandler
 .text.TIM8_BRK_TIM12_IRQHandler
                0x080014c0       0x48 ..\obj\config_encoder.o
                0x080014c0                TIM8_BRK_TIM12_IRQHandler
 .text.tim1_count
                0x08001508       0x20 ..\obj\config_encoder.o
                0x08001508                tim1_count
 .text.tim2_count
                0x08001528       0x20 ..\obj\config_encoder.o
                0x08001528                tim2_count
 .text.tim3_count
                0x08001548       0x20 ..\obj\config_encoder.o
                0x08001548                tim3_count
 .text.tim4_count
                0x08001568       0x20 ..\obj\config_encoder.o
                0x08001568                tim4_count
 .text.tim5_count
                0x08001588       0x20 ..\obj\config_encoder.o
                0x08001588                tim5_count
 .text.tim8_count
                0x080015a8       0x20 ..\obj\config_encoder.o
                0x080015a8                tim8_count
 .text.tim12_count
                0x080015c8       0x20 ..\obj\config_encoder.o
                0x080015c8                tim12_count
 .text.Init_encoder
                0x080015e8      0x118 ..\obj\config_encoder.o
                0x080015e8                Init_encoder
 .text.Select_encoder_count
                0x08001700       0x9c ..\obj\config_encoder.o
                0x08001700                Select_encoder_count
 .text.Reset_encoder_over_under_flow
                0x0800179c       0xa0 ..\obj\config_encoder.o
                0x0800179c                Reset_encoder_over_under_flow
 .text.OTG_FS_IRQHandler
                0x0800183c       0x10 ..\obj\config_usb.o
                0x0800183c                OTG_FS_IRQHandler
 .text.OTG_FS_WKUP_IRQHandler
                0x0800184c       0x34 ..\obj\config_usb.o
                0x0800184c                OTG_FS_WKUP_IRQHandler
 .text.USART_Init
                0x08001880      0x178 ..\obj\stm32f4xx_usart.o
                0x08001880                USART_Init
 .text.USART_Cmd
                0x080019f8       0x40 ..\obj\stm32f4xx_usart.o
                0x080019f8                USART_Cmd
 .text.USART_SendData
                0x08001a38       0x24 ..\obj\stm32f4xx_usart.o
                0x08001a38                USART_SendData
 .text.USART_ReceiveData
                0x08001a5c       0x20 ..\obj\stm32f4xx_usart.o
                0x08001a5c                USART_ReceiveData
 .text.USART_ITConfig
                0x08001a7c       0x90 ..\obj\stm32f4xx_usart.o
                0x08001a7c                USART_ITConfig
 .text.USART_GetFlagStatus
                0x08001b0c       0x38 ..\obj\stm32f4xx_usart.o
                0x08001b0c                USART_GetFlagStatus
 .text.constrain
                0x08001b44       0x3c ..\obj\util.o
                0x08001b44                constrain
 .text.SysTick_Handler
                0x08001b80       0x24 ..\obj\mcutime.o
                0x08001b80                SysTick_Handler
 .text.millis   0x08001ba4       0x28 ..\obj\mcutime.o
                0x08001ba4                millis
 .text.micros   0x08001bcc       0x30 ..\obj\mcutime.o
                0x08001bcc                micros
 .text.timer_setup
                0x08001bfc       0x10 ..\obj\mcutime.o
                0x08001bfc                timer_setup
 .text.delay_ms
                0x08001c0c       0x40 ..\obj\mcutime.o
                0x08001c0c                delay_ms
 .text.wait     0x08001c4c       0x18 ..\obj\mcutime.o
                0x08001c4c                wait
 .text.Default_Reset_Handler
                0x08001c64       0x5c ..\obj\startup_stm32f4xx.o
                0x08001c64                Default_Reset_Handler
                0x08001c64                Reset_Handler
 .text.Default_Handler
                0x08001cc0        0x8 ..\obj\startup_stm32f4xx.o
                0x08001cc0                RTC_Alarm_IRQHandler
                0x08001cc0                HASH_RNG_IRQHandler
                0x08001cc0                EXTI2_IRQHandler
                0x08001cc0                TIM8_CC_IRQHandler
                0x08001cc0                TIM1_CC_IRQHandler
                0x08001cc0                DMA2_Stream5_IRQHandler
                0x08001cc0                DMA1_Stream5_IRQHandler
                0x08001cc0                PVD_IRQHandler
                0x08001cc0                TAMP_STAMP_IRQHandler
                0x08001cc0                CAN2_RX1_IRQHandler
                0x08001cc0                EXTI3_IRQHandler
                0x08001cc0                TIM8_TRG_COM_TIM14_IRQHandler
                0x08001cc0                I2C3_ER_IRQHandler
                0x08001cc0                EXTI0_IRQHandler
                0x08001cc0                I2C2_EV_IRQHandler
                0x08001cc0                DMA1_Stream2_IRQHandler
                0x08001cc0                CAN1_RX0_IRQHandler
                0x08001cc0                FPU_IRQHandler
                0x08001cc0                OTG_HS_WKUP_IRQHandler
                0x08001cc0                CAN2_SCE_IRQHandler
                0x08001cc0                DMA2_Stream2_IRQHandler
                0x08001cc0                SPI1_IRQHandler
                0x08001cc0                TIM6_DAC_IRQHandler
                0x08001cc0                TIM1_BRK_TIM9_IRQHandler
                0x08001cc0                DCMI_IRQHandler
                0x08001cc0                CAN2_RX0_IRQHandler
                0x08001cc0                USART6_IRQHandler
                0x08001cc0                USART3_IRQHandler
                0x08001cc0                CRYP_IRQHandler
                0x08001cc0                CAN1_RX1_IRQHandler
                0x08001cc0                UART5_IRQHandler
                0x08001cc0                DMA2_Stream0_IRQHandler
                0x08001cc0                I2C1_EV_IRQHandler
                0x08001cc0                DMA1_Stream6_IRQHandler
                0x08001cc0                DMA1_Stream1_IRQHandler
                0x08001cc0                UART4_IRQHandler
                0x08001cc0                RCC_IRQHandler
                0x08001cc0                EXTI15_10_IRQHandler
                0x08001cc0                ADC_IRQHandler
                0x08001cc0                DMA1_Stream7_IRQHandler
                0x08001cc0                TIM7_IRQHandler
                0x08001cc0                CAN2_TX_IRQHandler
                0x08001cc0                DMA2_Stream7_IRQHandler
                0x08001cc0                I2C3_EV_IRQHandler
                0x08001cc0                EXTI9_5_IRQHandler
                0x08001cc0                RTC_WKUP_IRQHandler
                0x08001cc0                ETH_WKUP_IRQHandler
                0x08001cc0                SPI2_IRQHandler
                0x08001cc0                OTG_HS_EP1_IN_IRQHandler
                0x08001cc0                DMA1_Stream0_IRQHandler
                0x08001cc0                CAN1_TX_IRQHandler
                0x08001cc0                EXTI4_IRQHandler
                0x08001cc0                FSMC_IRQHandler
                0x08001cc0                ETH_IRQHandler
                0x08001cc0                OTG_HS_EP1_OUT_IRQHandler
                0x08001cc0                WWDG_IRQHandler
                0x08001cc0                TIM1_TRG_COM_TIM11_IRQHandler
                0x08001cc0                OTG_HS_IRQHandler
                0x08001cc0                EXTI1_IRQHandler
                0x08001cc0                I2C2_ER_IRQHandler
                0x08001cc0                DMA2_Stream1_IRQHandler
                0x08001cc0                CAN1_SCE_IRQHandler
                0x08001cc0                FLASH_IRQHandler
                0x08001cc0                DMA2_Stream4_IRQHandler
                0x08001cc0                USART1_IRQHandler
                0x08001cc0                SPI3_IRQHandler
                0x08001cc0                DMA1_Stream4_IRQHandler
                0x08001cc0                I2C1_ER_IRQHandler
                0x08001cc0                DMA2_Stream6_IRQHandler
                0x08001cc0                DMA1_Stream3_IRQHandler
 .text.USBD_SetupStage
                0x08001cc8       0x6c ..\obj\usbd_core.o
 .text.USBD_DataOutStage
                0x08001d34       0xcc ..\obj\usbd_core.o
 .text.USBD_DataInStage
                0x08001e00      0x104 ..\obj\usbd_core.o
 .text.USBD_Reset
                0x08001f04       0x44 ..\obj\usbd_core.o
 .text.USBD_Resume
                0x08001f48       0x24 ..\obj\usbd_core.o
 .text.USBD_Suspend
                0x08001f6c       0x24 ..\obj\usbd_core.o
 .text.USBD_SOF
                0x08001f90       0x2c ..\obj\usbd_core.o
 .text.USBD_SetCfg
                0x08001fbc       0x30 ..\obj\usbd_core.o
                0x08001fbc                USBD_SetCfg
 .text.USBD_ClrCfg
                0x08001fec       0x28 ..\obj\usbd_core.o
                0x08001fec                USBD_ClrCfg
 .text.USBD_IsoINIncomplete
                0x08002014       0x20 ..\obj\usbd_core.o
 .text.USBD_IsoOUTIncomplete
                0x08002034       0x20 ..\obj\usbd_core.o
 .text._ZN15SerialInterface16serialReadStringEPc
                0x08002054       0x14 ..\obj\pin.o
                0x08002054                SerialInterface::serialReadString(char*)
 .text._ZN15SerialInterfaceC2Ev
                0x08002068       0x28 ..\obj\pin.o
                0x08002068                SerialInterface::SerialInterface()
                0x08002068                SerialInterface::SerialInterface()
 .text._ZN6Serial8ReceiverC2EPS_
                0x08002090       0x38 ..\obj\pin.o
                0x08002090                Serial::Receiver::Receiver(Serial*)
                0x08002090                Serial::Receiver::Receiver(Serial*)
 .text._ZN6Serial8Receiver14serialReadCharEc
                0x080020c8       0x60 ..\obj\pin.o
                0x080020c8                Serial::Receiver::serialReadChar(char)
 .text._ZN6Serial8Receiver13charAvailableEv
                0x08002128       0x28 ..\obj\pin.o
                0x08002128                Serial::Receiver::charAvailable()
 .text._ZN6Serial8Receiver15stringAvailableEv
                0x08002150       0x1c ..\obj\pin.o
                0x08002150                Serial::Receiver::stringAvailable()
 .text._ZN6Serial8Receiver8readCharEv
                0x0800216c       0x1c ..\obj\pin.o
                0x0800216c                Serial::Receiver::readChar()
 .text._ZN6Serial8Receiver10readStringEPc
                0x08002188       0xe8 ..\obj\pin.o
                0x08002188                Serial::Receiver::readString(char*)
 .text._ZN6Serial15stringAvailableEv
                0x08002270       0x28 ..\obj\pin.o
                0x08002270                Serial::stringAvailable()
 .text._ZN6Serial10readStringEPc
                0x08002298       0x34 ..\obj\pin.o
                0x08002298                Serial::readString(char*)
 .text._ZN6Serial13charAvailableEv
                0x080022cc       0x28 ..\obj\pin.o
                0x080022cc                Serial::charAvailable()
 .text._ZN6Serial8readCharEv
                0x080022f4       0x28 ..\obj\pin.o
                0x080022f4                Serial::readChar()
 .text._ZN6Serial11stringWriteEPc
                0x0800231c       0x40 ..\obj\pin.o
                0x0800231c                Serial::stringWrite(char*)
 .text._ZN6Serial5setupEiR15SerialInterfaceii
                0x0800235c       0x34 ..\obj\pin.o
                0x0800235c                Serial::setup(int, SerialInterface&, int, int)
 .text._ZN6Serial5setupEiii
                0x08002390       0x4c ..\obj\pin.o
                0x08002390                Serial::setup(int, int, int)
 .text._ZN7Digital14setupDigitalInEv
                0x080023dc       0x34 ..\obj\pin.o
                0x080023dc                Digital::setupDigitalIn()
 .text._ZN7Digital15setupDigitalOutEv
                0x08002410       0x34 ..\obj\pin.o
                0x08002410                Digital::setupDigitalOut()
 .text._ZN7Digital20setupDigitalInPullUpEv
                0x08002444       0x34 ..\obj\pin.o
                0x08002444                Digital::setupDigitalInPullUp()
 .text._ZN7Digital22setupDigitalInPullDownEv
                0x08002478       0x34 ..\obj\pin.o
                0x08002478                Digital::setupDigitalInPullDown()
 .text._ZN7Digital12digitalWriteEi
                0x080024ac       0x68 ..\obj\pin.o
                0x080024ac                Digital::digitalWrite(int)
 .text._ZN7Digital11digitalReadEv
                0x08002514       0x40 ..\obj\pin.o
                0x08002514                Digital::digitalRead()
 .text._ZN7Digital11digitalHighEv
                0x08002554       0x1c ..\obj\pin.o
                0x08002554                Digital::digitalHigh()
 .text._ZN7Digital10digitalLowEv
                0x08002570       0x1c ..\obj\pin.o
                0x08002570                Digital::digitalLow()
 .text._ZN7Digital13digitalToggleEv
                0x0800258c       0x34 ..\obj\pin.o
                0x0800258c                Digital::digitalToggle()
 .text._ZN6Analog13setupAnalogInEv
                0x080025c0       0x1c ..\obj\pin.o
                0x080025c0                Analog::setupAnalogIn()
 .text._ZN6Analog10analogReadEv
                0x080025dc       0x20 ..\obj\pin.o
                0x080025dc                Analog::analogRead()
 .text._ZN3Pwm11setupPwmOutEff
                0x080025fc       0x24 ..\obj\pin.o
                0x080025fc                Pwm::setupPwmOut(float, float)
 .text._ZN3Pwm8pwmWriteEf
                0x08002620       0x20 ..\obj\pin.o
                0x08002620                Pwm::pwmWrite(float)
 .text._ZN3Pwm8pwmWriteEv
                0x08002640       0x20 ..\obj\pin.o
                0x08002640                Pwm::pwmWrite()
 .text._ZN2A016analogResolutionEv
                0x08002660       0x20 ..\obj\pin.o
                0x08002660                A0::analogResolution()
                0x08002678                non-virtual thunk to A0::analogResolution()
 .text._ZN2A013analogVoltageEv
                0x08002680       0x24 ..\obj\pin.o
                0x08002680                A0::analogVoltage()
                0x0800269c                non-virtual thunk to A0::analogVoltage()
 .text._ZN2A116analogResolutionEv
                0x080026a4       0x20 ..\obj\pin.o
                0x080026a4                A1::analogResolution()
                0x080026bc                non-virtual thunk to A1::analogResolution()
 .text._ZN2A113analogVoltageEv
                0x080026c4       0x24 ..\obj\pin.o
                0x080026c4                A1::analogVoltage()
                0x080026e0                non-virtual thunk to A1::analogVoltage()
 .text._ZN2A216analogResolutionEv
                0x080026e8       0x20 ..\obj\pin.o
                0x080026e8                A2::analogResolution()
                0x08002700                non-virtual thunk to A2::analogResolution()
 .text._ZN2A213analogVoltageEv
                0x08002708       0x24 ..\obj\pin.o
                0x08002708                A2::analogVoltage()
                0x08002724                non-virtual thunk to A2::analogVoltage()
 .text._ZN2A316analogResolutionEv
                0x0800272c       0x20 ..\obj\pin.o
                0x0800272c                A3::analogResolution()
                0x08002744                non-virtual thunk to A3::analogResolution()
 .text._ZN2A313analogVoltageEv
                0x0800274c       0x24 ..\obj\pin.o
                0x0800274c                A3::analogVoltage()
                0x08002768                non-virtual thunk to A3::analogVoltage()
 .text._ZN2A416analogResolutionEv
                0x08002770       0x20 ..\obj\pin.o
                0x08002770                A4::analogResolution()
                0x08002788                non-virtual thunk to A4::analogResolution()
 .text._ZN2A413analogVoltageEv
                0x08002790       0x24 ..\obj\pin.o
                0x08002790                A4::analogVoltage()
                0x080027ac                non-virtual thunk to A4::analogVoltage()
 .text._ZN4Led013_digitalWriteEv
                0x080027b4       0x20 ..\obj\pin.o
                0x080027b4                Led0::_digitalWrite()
 .text._ZN4Led013_digitalWriteEi
                0x080027d4       0x30 ..\obj\pin.o
                0x080027d4                Led0::_digitalWrite(int)
 .text._ZN4Led012_digitalReadEv
                0x08002804       0x20 ..\obj\pin.o
                0x08002804                Led0::_digitalRead()
 .text._ZN4Led015_setupDigitalInEv
                0x08002824       0x28 ..\obj\pin.o
                0x08002824                Led0::_setupDigitalIn()
 .text._ZN4Led016_setupDigitalOutEv
                0x0800284c       0x28 ..\obj\pin.o
                0x0800284c                Led0::_setupDigitalOut()
 .text._ZN4Led021_setupDigitalInPullUpEv
                0x08002874       0x28 ..\obj\pin.o
                0x08002874                Led0::_setupDigitalInPullUp()
 .text._ZN4Led023_setupDigitalInPullDownEv
                0x0800289c       0x28 ..\obj\pin.o
                0x0800289c                Led0::_setupDigitalInPullDown()
 .text._ZN4Led113_digitalWriteEv
                0x080028c4       0x20 ..\obj\pin.o
                0x080028c4                Led1::_digitalWrite()
 .text._ZN4Led113_digitalWriteEi
                0x080028e4       0x30 ..\obj\pin.o
                0x080028e4                Led1::_digitalWrite(int)
 .text._ZN4Led112_digitalReadEv
                0x08002914       0x20 ..\obj\pin.o
                0x08002914                Led1::_digitalRead()
 .text._ZN4Led115_setupDigitalInEv
                0x08002934       0x28 ..\obj\pin.o
                0x08002934                Led1::_setupDigitalIn()
 .text._ZN4Led116_setupDigitalOutEv
                0x0800295c       0x28 ..\obj\pin.o
                0x0800295c                Led1::_setupDigitalOut()
 .text._ZN4Led121_setupDigitalInPullUpEv
                0x08002984       0x28 ..\obj\pin.o
                0x08002984                Led1::_setupDigitalInPullUp()
 .text._ZN4Led123_setupDigitalInPullDownEv
                0x080029ac       0x28 ..\obj\pin.o
                0x080029ac                Led1::_setupDigitalInPullDown()
 .text._ZN4Led213_digitalWriteEv
                0x080029d4       0x20 ..\obj\pin.o
                0x080029d4                Led2::_digitalWrite()
 .text._ZN4Led213_digitalWriteEi
                0x080029f4       0x30 ..\obj\pin.o
                0x080029f4                Led2::_digitalWrite(int)
 .text._ZN4Led212_digitalReadEv
                0x08002a24       0x20 ..\obj\pin.o
                0x08002a24                Led2::_digitalRead()
 .text._ZN4Led215_setupDigitalInEv
                0x08002a44       0x28 ..\obj\pin.o
                0x08002a44                Led2::_setupDigitalIn()
 .text._ZN4Led216_setupDigitalOutEv
                0x08002a6c       0x28 ..\obj\pin.o
                0x08002a6c                Led2::_setupDigitalOut()
 .text._ZN4Led221_setupDigitalInPullUpEv
                0x08002a94       0x28 ..\obj\pin.o
                0x08002a94                Led2::_setupDigitalInPullUp()
 .text._ZN4Led223_setupDigitalInPullDownEv
                0x08002abc       0x28 ..\obj\pin.o
                0x08002abc                Led2::_setupDigitalInPullDown()
 .text._ZN4Led313_digitalWriteEv
                0x08002ae4       0x20 ..\obj\pin.o
                0x08002ae4                Led3::_digitalWrite()
 .text._ZN4Led313_digitalWriteEi
                0x08002b04       0x30 ..\obj\pin.o
                0x08002b04                Led3::_digitalWrite(int)
 .text._ZN4Led312_digitalReadEv
                0x08002b34       0x20 ..\obj\pin.o
                0x08002b34                Led3::_digitalRead()
 .text._ZN4Led315_setupDigitalInEv
                0x08002b54       0x28 ..\obj\pin.o
                0x08002b54                Led3::_setupDigitalIn()
 .text._ZN4Led316_setupDigitalOutEv
                0x08002b7c       0x28 ..\obj\pin.o
                0x08002b7c                Led3::_setupDigitalOut()
 .text._ZN4Led321_setupDigitalInPullUpEv
                0x08002ba4       0x28 ..\obj\pin.o
                0x08002ba4                Led3::_setupDigitalInPullUp()
 .text._ZN4Led323_setupDigitalInPullDownEv
                0x08002bcc       0x28 ..\obj\pin.o
                0x08002bcc                Led3::_setupDigitalInPullDown()
 .text._ZN3Sw013_digitalWriteEv
                0x08002bf4       0x20 ..\obj\pin.o
                0x08002bf4                Sw0::_digitalWrite()
 .text._ZN3Sw013_digitalWriteEi
                0x08002c14       0x30 ..\obj\pin.o
                0x08002c14                Sw0::_digitalWrite(int)
 .text._ZN3Sw012_digitalReadEv
                0x08002c44       0x20 ..\obj\pin.o
                0x08002c44                Sw0::_digitalRead()
 .text._ZN3Sw015_setupDigitalInEv
                0x08002c64       0x28 ..\obj\pin.o
                0x08002c64                Sw0::_setupDigitalIn()
 .text._ZN3Sw016_setupDigitalOutEv
                0x08002c8c       0x18 ..\obj\pin.o
                0x08002c8c                Sw0::_setupDigitalOut()
 .text._ZN3Sw021_setupDigitalInPullUpEv
                0x08002ca4       0x28 ..\obj\pin.o
                0x08002ca4                Sw0::_setupDigitalInPullUp()
 .text._ZN3Sw023_setupDigitalInPullDownEv
                0x08002ccc       0x28 ..\obj\pin.o
                0x08002ccc                Sw0::_setupDigitalInPullDown()
 .text._ZN3Sw113_digitalWriteEv
                0x08002cf4       0x20 ..\obj\pin.o
                0x08002cf4                Sw1::_digitalWrite()
 .text._ZN3Sw113_digitalWriteEi
                0x08002d14       0x30 ..\obj\pin.o
                0x08002d14                Sw1::_digitalWrite(int)
 .text._ZN3Sw112_digitalReadEv
                0x08002d44       0x20 ..\obj\pin.o
                0x08002d44                Sw1::_digitalRead()
 .text._ZN3Sw115_setupDigitalInEv
                0x08002d64       0x28 ..\obj\pin.o
                0x08002d64                Sw1::_setupDigitalIn()
 .text._ZN3Sw116_setupDigitalOutEv
                0x08002d8c       0x18 ..\obj\pin.o
                0x08002d8c                Sw1::_setupDigitalOut()
 .text._ZN3Sw121_setupDigitalInPullUpEv
                0x08002da4       0x28 ..\obj\pin.o
                0x08002da4                Sw1::_setupDigitalInPullUp()
 .text._ZN3Sw123_setupDigitalInPullDownEv
                0x08002dcc       0x28 ..\obj\pin.o
                0x08002dcc                Sw1::_setupDigitalInPullDown()
 .text._ZN3Sw213_digitalWriteEv
                0x08002df4       0x20 ..\obj\pin.o
                0x08002df4                Sw2::_digitalWrite()
 .text._ZN3Sw213_digitalWriteEi
                0x08002e14       0x30 ..\obj\pin.o
                0x08002e14                Sw2::_digitalWrite(int)
 .text._ZN3Sw212_digitalReadEv
                0x08002e44       0x20 ..\obj\pin.o
                0x08002e44                Sw2::_digitalRead()
 .text._ZN3Sw215_setupDigitalInEv
                0x08002e64       0x28 ..\obj\pin.o
                0x08002e64                Sw2::_setupDigitalIn()
 .text._ZN3Sw216_setupDigitalOutEv
                0x08002e8c       0x18 ..\obj\pin.o
                0x08002e8c                Sw2::_setupDigitalOut()
 .text._ZN3Sw221_setupDigitalInPullUpEv
                0x08002ea4       0x28 ..\obj\pin.o
                0x08002ea4                Sw2::_setupDigitalInPullUp()
 .text._ZN3Sw223_setupDigitalInPullDownEv
                0x08002ecc       0x28 ..\obj\pin.o
                0x08002ecc                Sw2::_setupDigitalInPullDown()
 .text._ZN3Sw313_digitalWriteEv
                0x08002ef4       0x20 ..\obj\pin.o
                0x08002ef4                Sw3::_digitalWrite()
 .text._ZN3Sw313_digitalWriteEi
                0x08002f14       0x30 ..\obj\pin.o
                0x08002f14                Sw3::_digitalWrite(int)
 .text._ZN3Sw312_digitalReadEv
                0x08002f44       0x20 ..\obj\pin.o
                0x08002f44                Sw3::_digitalRead()
 .text._ZN3Sw315_setupDigitalInEv
                0x08002f64       0x28 ..\obj\pin.o
                0x08002f64                Sw3::_setupDigitalIn()
 .text._ZN3Sw316_setupDigitalOutEv
                0x08002f8c       0x18 ..\obj\pin.o
                0x08002f8c                Sw3::_setupDigitalOut()
 .text._ZN3Sw321_setupDigitalInPullUpEv
                0x08002fa4       0x28 ..\obj\pin.o
                0x08002fa4                Sw3::_setupDigitalInPullUp()
 .text._ZN3Sw323_setupDigitalInPullDownEv
                0x08002fcc       0x28 ..\obj\pin.o
                0x08002fcc                Sw3::_setupDigitalInPullDown()
 .text._ZN6Buzzer13_digitalWriteEv
                0x08002ff4       0x20 ..\obj\pin.o
                0x08002ff4                Buzzer::_digitalWrite()
 .text._ZN6Buzzer13_digitalWriteEi
                0x08003014       0x2c ..\obj\pin.o
                0x08003014                Buzzer::_digitalWrite(int)
 .text._ZN6Buzzer12_digitalReadEv
                0x08003040       0x20 ..\obj\pin.o
                0x08003040                Buzzer::_digitalRead()
 .text._ZN6Buzzer15_setupDigitalInEv
                0x08003060       0x28 ..\obj\pin.o
                0x08003060                Buzzer::_setupDigitalIn()
 .text._ZN6Buzzer16_setupDigitalOutEv
                0x08003088       0x28 ..\obj\pin.o
                0x08003088                Buzzer::_setupDigitalOut()
 .text._ZN6Buzzer21_setupDigitalInPullUpEv
                0x080030b0       0x28 ..\obj\pin.o
                0x080030b0                Buzzer::_setupDigitalInPullUp()
 .text._ZN6Buzzer23_setupDigitalInPullDownEv
                0x080030d8       0x28 ..\obj\pin.o
                0x080030d8                Buzzer::_setupDigitalInPullDown()
 .text._ZN3CW013_digitalWriteEv
                0x08003100       0x20 ..\obj\pin.o
                0x08003100                CW0::_digitalWrite()
 .text._ZN3CW013_digitalWriteEi
                0x08003120       0x2c ..\obj\pin.o
                0x08003120                CW0::_digitalWrite(int)
 .text._ZN3CW012_digitalReadEv
                0x0800314c       0x20 ..\obj\pin.o
                0x0800314c                CW0::_digitalRead()
 .text._ZN3CW015_setupDigitalInEv
                0x0800316c       0x28 ..\obj\pin.o
                0x0800316c                CW0::_setupDigitalIn()
 .text._ZN3CW016_setupDigitalOutEv
                0x08003194       0x28 ..\obj\pin.o
                0x08003194                CW0::_setupDigitalOut()
 .text._ZN3CW021_setupDigitalInPullUpEv
                0x080031bc       0x28 ..\obj\pin.o
                0x080031bc                CW0::_setupDigitalInPullUp()
 .text._ZN3CW023_setupDigitalInPullDownEv
                0x080031e4       0x28 ..\obj\pin.o
                0x080031e4                CW0::_setupDigitalInPullDown()
 .text._ZN4CCW013_digitalWriteEv
                0x0800320c       0x20 ..\obj\pin.o
                0x0800320c                CCW0::_digitalWrite()
 .text._ZN4CCW013_digitalWriteEi
                0x0800322c       0x2c ..\obj\pin.o
                0x0800322c                CCW0::_digitalWrite(int)
 .text._ZN4CCW012_digitalReadEv
                0x08003258       0x20 ..\obj\pin.o
                0x08003258                CCW0::_digitalRead()
 .text._ZN4CCW015_setupDigitalInEv
                0x08003278       0x28 ..\obj\pin.o
                0x08003278                CCW0::_setupDigitalIn()
 .text._ZN4CCW016_setupDigitalOutEv
                0x080032a0       0x28 ..\obj\pin.o
                0x080032a0                CCW0::_setupDigitalOut()
 .text._ZN4CCW021_setupDigitalInPullUpEv
                0x080032c8       0x28 ..\obj\pin.o
                0x080032c8                CCW0::_setupDigitalInPullUp()
 .text._ZN4CCW023_setupDigitalInPullDownEv
                0x080032f0       0x28 ..\obj\pin.o
                0x080032f0                CCW0::_setupDigitalInPullDown()
 .text._ZN3CW113_digitalWriteEv
                0x08003318       0x20 ..\obj\pin.o
                0x08003318                CW1::_digitalWrite()
 .text._ZN3CW113_digitalWriteEi
                0x08003338       0x30 ..\obj\pin.o
                0x08003338                CW1::_digitalWrite(int)
 .text._ZN3CW112_digitalReadEv
                0x08003368       0x20 ..\obj\pin.o
                0x08003368                CW1::_digitalRead()
 .text._ZN3CW115_setupDigitalInEv
                0x08003388       0x28 ..\obj\pin.o
                0x08003388                CW1::_setupDigitalIn()
 .text._ZN3CW116_setupDigitalOutEv
                0x080033b0       0x28 ..\obj\pin.o
                0x080033b0                CW1::_setupDigitalOut()
 .text._ZN3CW121_setupDigitalInPullUpEv
                0x080033d8       0x28 ..\obj\pin.o
                0x080033d8                CW1::_setupDigitalInPullUp()
 .text._ZN3CW123_setupDigitalInPullDownEv
                0x08003400       0x28 ..\obj\pin.o
                0x08003400                CW1::_setupDigitalInPullDown()
 .text._ZN4CCW113_digitalWriteEv
                0x08003428       0x20 ..\obj\pin.o
                0x08003428                CCW1::_digitalWrite()
 .text._ZN4CCW113_digitalWriteEi
                0x08003448       0x2c ..\obj\pin.o
                0x08003448                CCW1::_digitalWrite(int)
 .text._ZN4CCW112_digitalReadEv
                0x08003474       0x20 ..\obj\pin.o
                0x08003474                CCW1::_digitalRead()
 .text._ZN4CCW115_setupDigitalInEv
                0x08003494       0x28 ..\obj\pin.o
                0x08003494                CCW1::_setupDigitalIn()
 .text._ZN4CCW116_setupDigitalOutEv
                0x080034bc       0x28 ..\obj\pin.o
                0x080034bc                CCW1::_setupDigitalOut()
 .text._ZN4CCW121_setupDigitalInPullUpEv
                0x080034e4       0x28 ..\obj\pin.o
                0x080034e4                CCW1::_setupDigitalInPullUp()
 .text._ZN4CCW123_setupDigitalInPullDownEv
                0x0800350c       0x28 ..\obj\pin.o
                0x0800350c                CCW1::_setupDigitalInPullDown()
 .text._ZN3CW213_digitalWriteEv
                0x08003534       0x20 ..\obj\pin.o
                0x08003534                CW2::_digitalWrite()
 .text._ZN3CW213_digitalWriteEi
                0x08003554       0x2c ..\obj\pin.o
                0x08003554                CW2::_digitalWrite(int)
 .text._ZN3CW212_digitalReadEv
                0x08003580       0x20 ..\obj\pin.o
                0x08003580                CW2::_digitalRead()
 .text._ZN3CW215_setupDigitalInEv
                0x080035a0       0x28 ..\obj\pin.o
                0x080035a0                CW2::_setupDigitalIn()
 .text._ZN3CW216_setupDigitalOutEv
                0x080035c8       0x28 ..\obj\pin.o
                0x080035c8                CW2::_setupDigitalOut()
 .text._ZN3CW221_setupDigitalInPullUpEv
                0x080035f0       0x28 ..\obj\pin.o
                0x080035f0                CW2::_setupDigitalInPullUp()
 .text._ZN3CW223_setupDigitalInPullDownEv
                0x08003618       0x28 ..\obj\pin.o
                0x08003618                CW2::_setupDigitalInPullDown()
 .text._ZN4CCW213_digitalWriteEv
                0x08003640       0x20 ..\obj\pin.o
                0x08003640                CCW2::_digitalWrite()
 .text._ZN4CCW213_digitalWriteEi
                0x08003660       0x2c ..\obj\pin.o
                0x08003660                CCW2::_digitalWrite(int)
 .text._ZN4CCW212_digitalReadEv
                0x0800368c       0x20 ..\obj\pin.o
                0x0800368c                CCW2::_digitalRead()
 .text._ZN4CCW215_setupDigitalInEv
                0x080036ac       0x28 ..\obj\pin.o
                0x080036ac                CCW2::_setupDigitalIn()
 .text._ZN4CCW216_setupDigitalOutEv
                0x080036d4       0x28 ..\obj\pin.o
                0x080036d4                CCW2::_setupDigitalOut()
 .text._ZN4CCW221_setupDigitalInPullUpEv
                0x080036fc       0x28 ..\obj\pin.o
                0x080036fc                CCW2::_setupDigitalInPullUp()
 .text._ZN4CCW223_setupDigitalInPullDownEv
                0x08003724       0x28 ..\obj\pin.o
                0x08003724                CCW2::_setupDigitalInPullDown()
 .text._ZN3CW313_digitalWriteEv
                0x0800374c       0x20 ..\obj\pin.o
                0x0800374c                CW3::_digitalWrite()
 .text._ZN3CW313_digitalWriteEi
                0x0800376c       0x30 ..\obj\pin.o
                0x0800376c                CW3::_digitalWrite(int)
 .text._ZN3CW312_digitalReadEv
                0x0800379c       0x20 ..\obj\pin.o
                0x0800379c                CW3::_digitalRead()
 .text._ZN3CW315_setupDigitalInEv
                0x080037bc       0x28 ..\obj\pin.o
                0x080037bc                CW3::_setupDigitalIn()
 .text._ZN3CW316_setupDigitalOutEv
                0x080037e4       0x28 ..\obj\pin.o
                0x080037e4                CW3::_setupDigitalOut()
 .text._ZN3CW321_setupDigitalInPullUpEv
                0x0800380c       0x28 ..\obj\pin.o
                0x0800380c                CW3::_setupDigitalInPullUp()
 .text._ZN3CW323_setupDigitalInPullDownEv
                0x08003834       0x28 ..\obj\pin.o
                0x08003834                CW3::_setupDigitalInPullDown()
 .text._ZN4CCW313_digitalWriteEv
                0x0800385c       0x20 ..\obj\pin.o
                0x0800385c                CCW3::_digitalWrite()
 .text._ZN4CCW313_digitalWriteEi
                0x0800387c       0x2c ..\obj\pin.o
                0x0800387c                CCW3::_digitalWrite(int)
 .text._ZN4CCW312_digitalReadEv
                0x080038a8       0x20 ..\obj\pin.o
                0x080038a8                CCW3::_digitalRead()
 .text._ZN4CCW315_setupDigitalInEv
                0x080038c8       0x28 ..\obj\pin.o
                0x080038c8                CCW3::_setupDigitalIn()
 .text._ZN4CCW316_setupDigitalOutEv
                0x080038f0       0x28 ..\obj\pin.o
                0x080038f0                CCW3::_setupDigitalOut()
 .text._ZN4CCW321_setupDigitalInPullUpEv
                0x08003918       0x28 ..\obj\pin.o
                0x08003918                CCW3::_setupDigitalInPullUp()
 .text._ZN4CCW323_setupDigitalInPullDownEv
                0x08003940       0x28 ..\obj\pin.o
                0x08003940                CCW3::_setupDigitalInPullDown()
 .text._ZN3CW413_digitalWriteEv
                0x08003968       0x20 ..\obj\pin.o
                0x08003968                CW4::_digitalWrite()
 .text._ZN3CW413_digitalWriteEi
                0x08003988       0x2c ..\obj\pin.o
                0x08003988                CW4::_digitalWrite(int)
 .text._ZN3CW412_digitalReadEv
                0x080039b4       0x20 ..\obj\pin.o
                0x080039b4                CW4::_digitalRead()
 .text._ZN3CW415_setupDigitalInEv
                0x080039d4       0x28 ..\obj\pin.o
                0x080039d4                CW4::_setupDigitalIn()
 .text._ZN3CW416_setupDigitalOutEv
                0x080039fc       0x28 ..\obj\pin.o
                0x080039fc                CW4::_setupDigitalOut()
 .text._ZN3CW421_setupDigitalInPullUpEv
                0x08003a24       0x28 ..\obj\pin.o
                0x08003a24                CW4::_setupDigitalInPullUp()
 .text._ZN3CW423_setupDigitalInPullDownEv
                0x08003a4c       0x28 ..\obj\pin.o
                0x08003a4c                CW4::_setupDigitalInPullDown()
 .text._ZN4CCW413_digitalWriteEv
                0x08003a74       0x20 ..\obj\pin.o
                0x08003a74                CCW4::_digitalWrite()
 .text._ZN4CCW413_digitalWriteEi
                0x08003a94       0x2c ..\obj\pin.o
                0x08003a94                CCW4::_digitalWrite(int)
 .text._ZN4CCW412_digitalReadEv
                0x08003ac0       0x20 ..\obj\pin.o
                0x08003ac0                CCW4::_digitalRead()
 .text._ZN4CCW415_setupDigitalInEv
                0x08003ae0       0x28 ..\obj\pin.o
                0x08003ae0                CCW4::_setupDigitalIn()
 .text._ZN4CCW416_setupDigitalOutEv
                0x08003b08       0x28 ..\obj\pin.o
                0x08003b08                CCW4::_setupDigitalOut()
 .text._ZN4CCW421_setupDigitalInPullUpEv
                0x08003b30       0x28 ..\obj\pin.o
                0x08003b30                CCW4::_setupDigitalInPullUp()
 .text._ZN4CCW423_setupDigitalInPullDownEv
                0x08003b58       0x28 ..\obj\pin.o
                0x08003b58                CCW4::_setupDigitalInPullDown()
 .text._ZN3CW513_digitalWriteEv
                0x08003b80       0x20 ..\obj\pin.o
                0x08003b80                CW5::_digitalWrite()
 .text._ZN3CW513_digitalWriteEi
                0x08003ba0       0x30 ..\obj\pin.o
                0x08003ba0                CW5::_digitalWrite(int)
 .text._ZN3CW512_digitalReadEv
                0x08003bd0       0x20 ..\obj\pin.o
                0x08003bd0                CW5::_digitalRead()
 .text._ZN3CW515_setupDigitalInEv
                0x08003bf0       0x28 ..\obj\pin.o
                0x08003bf0                CW5::_setupDigitalIn()
 .text._ZN3CW516_setupDigitalOutEv
                0x08003c18       0x28 ..\obj\pin.o
                0x08003c18                CW5::_setupDigitalOut()
 .text._ZN3CW521_setupDigitalInPullUpEv
                0x08003c40       0x28 ..\obj\pin.o
                0x08003c40                CW5::_setupDigitalInPullUp()
 .text._ZN3CW523_setupDigitalInPullDownEv
                0x08003c68       0x28 ..\obj\pin.o
                0x08003c68                CW5::_setupDigitalInPullDown()
 .text._ZN4CCW513_digitalWriteEv
                0x08003c90       0x20 ..\obj\pin.o
                0x08003c90                CCW5::_digitalWrite()
 .text._ZN4CCW513_digitalWriteEi
                0x08003cb0       0x2c ..\obj\pin.o
                0x08003cb0                CCW5::_digitalWrite(int)
 .text._ZN4CCW512_digitalReadEv
                0x08003cdc       0x20 ..\obj\pin.o
                0x08003cdc                CCW5::_digitalRead()
 .text._ZN4CCW515_setupDigitalInEv
                0x08003cfc       0x28 ..\obj\pin.o
                0x08003cfc                CCW5::_setupDigitalIn()
 .text._ZN4CCW516_setupDigitalOutEv
                0x08003d24       0x28 ..\obj\pin.o
                0x08003d24                CCW5::_setupDigitalOut()
 .text._ZN4CCW521_setupDigitalInPullUpEv
                0x08003d4c       0x28 ..\obj\pin.o
                0x08003d4c                CCW5::_setupDigitalInPullUp()
 .text._ZN4CCW523_setupDigitalInPullDownEv
                0x08003d74       0x28 ..\obj\pin.o
                0x08003d74                CCW5::_setupDigitalInPullDown()
 .text._ZN2A013_digitalWriteEv
                0x08003d9c       0x20 ..\obj\pin.o
                0x08003d9c                A0::_digitalWrite()
 .text._ZN2A013_digitalWriteEi
                0x08003dbc       0x2c ..\obj\pin.o
                0x08003dbc                A0::_digitalWrite(int)
 .text._ZN2A012_digitalReadEv
                0x08003de8       0x20 ..\obj\pin.o
                0x08003de8                A0::_digitalRead()
 .text._ZN2A015_setupDigitalInEv
                0x08003e08       0x28 ..\obj\pin.o
                0x08003e08                A0::_setupDigitalIn()
 .text._ZN2A016_setupDigitalOutEv
                0x08003e30       0x2c ..\obj\pin.o
                0x08003e30                A0::_setupDigitalOut()
 .text._ZN2A021_setupDigitalInPullUpEv
                0x08003e5c       0x28 ..\obj\pin.o
                0x08003e5c                A0::_setupDigitalInPullUp()
 .text._ZN2A023_setupDigitalInPullDownEv
                0x08003e84       0x28 ..\obj\pin.o
                0x08003e84                A0::_setupDigitalInPullDown()
 .text._ZN2A113_digitalWriteEv
                0x08003eac       0x20 ..\obj\pin.o
                0x08003eac                A1::_digitalWrite()
 .text._ZN2A113_digitalWriteEi
                0x08003ecc       0x2c ..\obj\pin.o
                0x08003ecc                A1::_digitalWrite(int)
 .text._ZN2A112_digitalReadEv
                0x08003ef8       0x20 ..\obj\pin.o
                0x08003ef8                A1::_digitalRead()
 .text._ZN2A115_setupDigitalInEv
                0x08003f18       0x28 ..\obj\pin.o
                0x08003f18                A1::_setupDigitalIn()
 .text._ZN2A116_setupDigitalOutEv
                0x08003f40       0x2c ..\obj\pin.o
                0x08003f40                A1::_setupDigitalOut()
 .text._ZN2A121_setupDigitalInPullUpEv
                0x08003f6c       0x28 ..\obj\pin.o
                0x08003f6c                A1::_setupDigitalInPullUp()
 .text._ZN2A123_setupDigitalInPullDownEv
                0x08003f94       0x28 ..\obj\pin.o
                0x08003f94                A1::_setupDigitalInPullDown()
 .text._ZN2A213_digitalWriteEv
                0x08003fbc       0x20 ..\obj\pin.o
                0x08003fbc                A2::_digitalWrite()
 .text._ZN2A213_digitalWriteEi
                0x08003fdc       0x2c ..\obj\pin.o
                0x08003fdc                A2::_digitalWrite(int)
 .text._ZN2A212_digitalReadEv
                0x08004008       0x20 ..\obj\pin.o
                0x08004008                A2::_digitalRead()
 .text._ZN2A215_setupDigitalInEv
                0x08004028       0x28 ..\obj\pin.o
                0x08004028                A2::_setupDigitalIn()
 .text._ZN2A216_setupDigitalOutEv
                0x08004050       0x2c ..\obj\pin.o
                0x08004050                A2::_setupDigitalOut()
 .text._ZN2A221_setupDigitalInPullUpEv
                0x0800407c       0x28 ..\obj\pin.o
                0x0800407c                A2::_setupDigitalInPullUp()
 .text._ZN2A223_setupDigitalInPullDownEv
                0x080040a4       0x28 ..\obj\pin.o
                0x080040a4                A2::_setupDigitalInPullDown()
 .text._ZN2A313_digitalWriteEv
                0x080040cc       0x20 ..\obj\pin.o
                0x080040cc                A3::_digitalWrite()
 .text._ZN2A313_digitalWriteEi
                0x080040ec       0x2c ..\obj\pin.o
                0x080040ec                A3::_digitalWrite(int)
 .text._ZN2A312_digitalReadEv
                0x08004118       0x20 ..\obj\pin.o
                0x08004118                A3::_digitalRead()
 .text._ZN2A315_setupDigitalInEv
                0x08004138       0x28 ..\obj\pin.o
                0x08004138                A3::_setupDigitalIn()
 .text._ZN2A316_setupDigitalOutEv
                0x08004160       0x2c ..\obj\pin.o
                0x08004160                A3::_setupDigitalOut()
 .text._ZN2A321_setupDigitalInPullUpEv
                0x0800418c       0x28 ..\obj\pin.o
                0x0800418c                A3::_setupDigitalInPullUp()
 .text._ZN2A323_setupDigitalInPullDownEv
                0x080041b4       0x28 ..\obj\pin.o
                0x080041b4                A3::_setupDigitalInPullDown()
 .text._ZN2A413_digitalWriteEv
                0x080041dc       0x20 ..\obj\pin.o
                0x080041dc                A4::_digitalWrite()
 .text._ZN2A413_digitalWriteEi
                0x080041fc       0x2c ..\obj\pin.o
                0x080041fc                A4::_digitalWrite(int)
 .text._ZN2A412_digitalReadEv
                0x08004228       0x20 ..\obj\pin.o
                0x08004228                A4::_digitalRead()
 .text._ZN2A415_setupDigitalInEv
                0x08004248       0x28 ..\obj\pin.o
                0x08004248                A4::_setupDigitalIn()
 .text._ZN2A416_setupDigitalOutEv
                0x08004270       0x2c ..\obj\pin.o
                0x08004270                A4::_setupDigitalOut()
 .text._ZN2A421_setupDigitalInPullUpEv
                0x0800429c       0x28 ..\obj\pin.o
                0x0800429c                A4::_setupDigitalInPullUp()
 .text._ZN2A423_setupDigitalInPullDownEv
                0x080042c4       0x28 ..\obj\pin.o
                0x080042c4                A4::_setupDigitalInPullDown()
 .text._ZN4Pwm013_digitalWriteEv
                0x080042ec       0x20 ..\obj\pin.o
                0x080042ec                Pwm0::_digitalWrite()
 .text._ZN4Pwm013_digitalWriteEi
                0x0800430c       0x30 ..\obj\pin.o
                0x0800430c                Pwm0::_digitalWrite(int)
 .text._ZN4Pwm012_digitalReadEv
                0x0800433c       0x20 ..\obj\pin.o
                0x0800433c                Pwm0::_digitalRead()
 .text._ZN4Pwm015_setupDigitalInEv
                0x0800435c       0x28 ..\obj\pin.o
                0x0800435c                Pwm0::_setupDigitalIn()
 .text._ZN4Pwm016_setupDigitalOutEv
                0x08004384       0x30 ..\obj\pin.o
                0x08004384                Pwm0::_setupDigitalOut()
 .text._ZN4Pwm021_setupDigitalInPullUpEv
                0x080043b4       0x28 ..\obj\pin.o
                0x080043b4                Pwm0::_setupDigitalInPullUp()
 .text._ZN4Pwm023_setupDigitalInPullDownEv
                0x080043dc       0x28 ..\obj\pin.o
                0x080043dc                Pwm0::_setupDigitalInPullDown()
 .text._ZN4Pwm113_digitalWriteEv
                0x08004404       0x20 ..\obj\pin.o
                0x08004404                Pwm1::_digitalWrite()
 .text._ZN4Pwm113_digitalWriteEi
                0x08004424       0x2c ..\obj\pin.o
                0x08004424                Pwm1::_digitalWrite(int)
 .text._ZN4Pwm112_digitalReadEv
                0x08004450       0x20 ..\obj\pin.o
                0x08004450                Pwm1::_digitalRead()
 .text._ZN4Pwm115_setupDigitalInEv
                0x08004470       0x28 ..\obj\pin.o
                0x08004470                Pwm1::_setupDigitalIn()
 .text._ZN4Pwm116_setupDigitalOutEv
                0x08004498       0x2c ..\obj\pin.o
                0x08004498                Pwm1::_setupDigitalOut()
 .text._ZN4Pwm121_setupDigitalInPullUpEv
                0x080044c4       0x28 ..\obj\pin.o
                0x080044c4                Pwm1::_setupDigitalInPullUp()
 .text._ZN4Pwm123_setupDigitalInPullDownEv
                0x080044ec       0x28 ..\obj\pin.o
                0x080044ec                Pwm1::_setupDigitalInPullDown()
 .text._ZN4Pwm213_digitalWriteEv
                0x08004514       0x20 ..\obj\pin.o
                0x08004514                Pwm2::_digitalWrite()
 .text._ZN4Pwm213_digitalWriteEi
                0x08004534       0x2c ..\obj\pin.o
                0x08004534                Pwm2::_digitalWrite(int)
 .text._ZN4Pwm212_digitalReadEv
                0x08004560       0x20 ..\obj\pin.o
                0x08004560                Pwm2::_digitalRead()
 .text._ZN4Pwm215_setupDigitalInEv
                0x08004580       0x28 ..\obj\pin.o
                0x08004580                Pwm2::_setupDigitalIn()
 .text._ZN4Pwm216_setupDigitalOutEv
                0x080045a8       0x2c ..\obj\pin.o
                0x080045a8                Pwm2::_setupDigitalOut()
 .text._ZN4Pwm221_setupDigitalInPullUpEv
                0x080045d4       0x28 ..\obj\pin.o
                0x080045d4                Pwm2::_setupDigitalInPullUp()
 .text._ZN4Pwm223_setupDigitalInPullDownEv
                0x080045fc       0x28 ..\obj\pin.o
                0x080045fc                Pwm2::_setupDigitalInPullDown()
 .text._ZN4Pwm313_digitalWriteEv
                0x08004624       0x20 ..\obj\pin.o
                0x08004624                Pwm3::_digitalWrite()
 .text._ZN4Pwm313_digitalWriteEi
                0x08004644       0x30 ..\obj\pin.o
                0x08004644                Pwm3::_digitalWrite(int)
 .text._ZN4Pwm312_digitalReadEv
                0x08004674       0x20 ..\obj\pin.o
                0x08004674                Pwm3::_digitalRead()
 .text._ZN4Pwm315_setupDigitalInEv
                0x08004694       0x28 ..\obj\pin.o
                0x08004694                Pwm3::_setupDigitalIn()
 .text._ZN4Pwm316_setupDigitalOutEv
                0x080046bc       0x30 ..\obj\pin.o
                0x080046bc                Pwm3::_setupDigitalOut()
 .text._ZN4Pwm321_setupDigitalInPullUpEv
                0x080046ec       0x28 ..\obj\pin.o
                0x080046ec                Pwm3::_setupDigitalInPullUp()
 .text._ZN4Pwm323_setupDigitalInPullDownEv
                0x08004714       0x28 ..\obj\pin.o
                0x08004714                Pwm3::_setupDigitalInPullDown()
 .text._ZN4Pwm413_digitalWriteEv
                0x0800473c       0x20 ..\obj\pin.o
                0x0800473c                Pwm4::_digitalWrite()
 .text._ZN4Pwm413_digitalWriteEi
                0x0800475c       0x30 ..\obj\pin.o
                0x0800475c                Pwm4::_digitalWrite(int)
 .text._ZN4Pwm412_digitalReadEv
                0x0800478c       0x20 ..\obj\pin.o
                0x0800478c                Pwm4::_digitalRead()
 .text._ZN4Pwm415_setupDigitalInEv
                0x080047ac       0x28 ..\obj\pin.o
                0x080047ac                Pwm4::_setupDigitalIn()
 .text._ZN4Pwm416_setupDigitalOutEv
                0x080047d4       0x30 ..\obj\pin.o
                0x080047d4                Pwm4::_setupDigitalOut()
 .text._ZN4Pwm421_setupDigitalInPullUpEv
                0x08004804       0x28 ..\obj\pin.o
                0x08004804                Pwm4::_setupDigitalInPullUp()
 .text._ZN4Pwm423_setupDigitalInPullDownEv
                0x0800482c       0x28 ..\obj\pin.o
                0x0800482c                Pwm4::_setupDigitalInPullDown()
 .text._ZN4Pwm513_digitalWriteEv
                0x08004854       0x20 ..\obj\pin.o
                0x08004854                Pwm5::_digitalWrite()
 .text._ZN4Pwm513_digitalWriteEi
                0x08004874       0x30 ..\obj\pin.o
                0x08004874                Pwm5::_digitalWrite(int)
 .text._ZN4Pwm512_digitalReadEv
                0x080048a4       0x20 ..\obj\pin.o
                0x080048a4                Pwm5::_digitalRead()
 .text._ZN4Pwm515_setupDigitalInEv
                0x080048c4       0x28 ..\obj\pin.o
                0x080048c4                Pwm5::_setupDigitalIn()
 .text._ZN4Pwm516_setupDigitalOutEv
                0x080048ec       0x30 ..\obj\pin.o
                0x080048ec                Pwm5::_setupDigitalOut()
 .text._ZN4Pwm521_setupDigitalInPullUpEv
                0x0800491c       0x28 ..\obj\pin.o
                0x0800491c                Pwm5::_setupDigitalInPullUp()
 .text._ZN4Pwm523_setupDigitalInPullDownEv
                0x08004944       0x28 ..\obj\pin.o
                0x08004944                Pwm5::_setupDigitalInPullDown()
 .text._ZN2A014_setupAnalogInEv
                0x0800496c       0x24 ..\obj\pin.o
                0x0800496c                A0::_setupAnalogIn()
 .text._ZThn8_N2A014_setupAnalogInEv
                0x08004990        0x8 ..\obj\pin.o
                0x08004990                non-virtual thunk to A0::_setupAnalogIn()
 .text._ZN2A011_analogReadEv
                0x08004998       0x40 ..\obj\pin.o
                0x08004998                A0::_analogRead()
 .text._ZThn8_N2A011_analogReadEv
                0x080049d8        0x8 ..\obj\pin.o
                0x080049d8                non-virtual thunk to A0::_analogRead()
 .text._ZN2A114_setupAnalogInEv
                0x080049e0       0x24 ..\obj\pin.o
                0x080049e0                A1::_setupAnalogIn()
 .text._ZThn8_N2A114_setupAnalogInEv
                0x08004a04        0x8 ..\obj\pin.o
                0x08004a04                non-virtual thunk to A1::_setupAnalogIn()
 .text._ZN2A111_analogReadEv
                0x08004a0c       0x40 ..\obj\pin.o
                0x08004a0c                A1::_analogRead()
 .text._ZThn8_N2A111_analogReadEv
                0x08004a4c        0x8 ..\obj\pin.o
                0x08004a4c                non-virtual thunk to A1::_analogRead()
 .text._ZN2A214_setupAnalogInEv
                0x08004a54       0x24 ..\obj\pin.o
                0x08004a54                A2::_setupAnalogIn()
 .text._ZThn8_N2A214_setupAnalogInEv
                0x08004a78        0x8 ..\obj\pin.o
                0x08004a78                non-virtual thunk to A2::_setupAnalogIn()
 .text._ZN2A211_analogReadEv
                0x08004a80       0x40 ..\obj\pin.o
                0x08004a80                A2::_analogRead()
 .text._ZThn8_N2A211_analogReadEv
                0x08004ac0        0x8 ..\obj\pin.o
                0x08004ac0                non-virtual thunk to A2::_analogRead()
 .text._ZN2A314_setupAnalogInEv
                0x08004ac8       0x24 ..\obj\pin.o
                0x08004ac8                A3::_setupAnalogIn()
 .text._ZThn8_N2A314_setupAnalogInEv
                0x08004aec        0x8 ..\obj\pin.o
                0x08004aec                non-virtual thunk to A3::_setupAnalogIn()
 .text._ZN2A311_analogReadEv
                0x08004af4       0x40 ..\obj\pin.o
                0x08004af4                A3::_analogRead()
 .text._ZThn8_N2A311_analogReadEv
                0x08004b34        0x8 ..\obj\pin.o
                0x08004b34                non-virtual thunk to A3::_analogRead()
 .text._ZN2A414_setupAnalogInEv
                0x08004b3c       0x24 ..\obj\pin.o
                0x08004b3c                A4::_setupAnalogIn()
 .text._ZThn8_N2A414_setupAnalogInEv
                0x08004b60        0x8 ..\obj\pin.o
                0x08004b60                non-virtual thunk to A4::_setupAnalogIn()
 .text._ZN2A411_analogReadEv
                0x08004b68       0x40 ..\obj\pin.o
                0x08004b68                A4::_analogRead()
 .text._ZThn8_N2A411_analogReadEv
                0x08004ba8        0x8 ..\obj\pin.o
                0x08004ba8                non-virtual thunk to A4::_analogRead()
 .text._ZN4Enc05setupEv
                0x08004bb0       0x28 ..\obj\pin.o
                0x08004bb0                Enc0::setup()
 .text._ZN4Enc05countEv
                0x08004bd8       0x30 ..\obj\pin.o
                0x08004bd8                Enc0::count()
 .text._ZN4Enc15setupEv
                0x08004c08       0x24 ..\obj\pin.o
                0x08004c08                Enc1::setup()
 .text._ZN4Enc15countEv
                0x08004c2c       0x30 ..\obj\pin.o
                0x08004c2c                Enc1::count()
 .text._ZN4Enc25setupEv
                0x08004c5c       0x24 ..\obj\pin.o
                0x08004c5c                Enc2::setup()
 .text._ZN4Enc25countEv
                0x08004c80       0x30 ..\obj\pin.o
                0x08004c80                Enc2::count()
 .text._ZN4Pwm012_setupPwmOutEff
                0x08004cb0       0x48 ..\obj\pin.o
                0x08004cb0                Pwm0::_setupPwmOut(float, float)
 .text._ZThn8_N4Pwm012_setupPwmOutEff
                0x08004cf8        0x8 ..\obj\pin.o
                0x08004cf8                non-virtual thunk to Pwm0::_setupPwmOut(float, float)
 .text._ZN4Pwm09_pwmWriteEf
                0x08004d00       0x20 ..\obj\pin.o
                0x08004d00                Pwm0::_pwmWrite(float)
 .text._ZThn8_N4Pwm09_pwmWriteEf
                0x08004d20        0x8 ..\obj\pin.o
                0x08004d20                non-virtual thunk to Pwm0::_pwmWrite(float)
 .text._ZN4Pwm09_pwmWriteEv
                0x08004d28       0x20 ..\obj\pin.o
                0x08004d28                Pwm0::_pwmWrite()
 .text._ZThn8_N4Pwm09_pwmWriteEv
                0x08004d48        0x8 ..\obj\pin.o
                0x08004d48                non-virtual thunk to Pwm0::_pwmWrite()
 .text._ZN4Pwm112_setupPwmOutEff
                0x08004d50       0x44 ..\obj\pin.o
                0x08004d50                Pwm1::_setupPwmOut(float, float)
 .text._ZThn8_N4Pwm112_setupPwmOutEff
                0x08004d94        0x8 ..\obj\pin.o
                0x08004d94                non-virtual thunk to Pwm1::_setupPwmOut(float, float)
 .text._ZN4Pwm19_pwmWriteEf
                0x08004d9c       0x20 ..\obj\pin.o
                0x08004d9c                Pwm1::_pwmWrite(float)
 .text._ZThn8_N4Pwm19_pwmWriteEf
                0x08004dbc        0x8 ..\obj\pin.o
                0x08004dbc                non-virtual thunk to Pwm1::_pwmWrite(float)
 .text._ZN4Pwm19_pwmWriteEv
                0x08004dc4       0x20 ..\obj\pin.o
                0x08004dc4                Pwm1::_pwmWrite()
 .text._ZThn8_N4Pwm19_pwmWriteEv
                0x08004de4        0x8 ..\obj\pin.o
                0x08004de4                non-virtual thunk to Pwm1::_pwmWrite()
 .text._ZN4Pwm212_setupPwmOutEff
                0x08004dec       0x44 ..\obj\pin.o
                0x08004dec                Pwm2::_setupPwmOut(float, float)
 .text._ZThn8_N4Pwm212_setupPwmOutEff
                0x08004e30        0x8 ..\obj\pin.o
                0x08004e30                non-virtual thunk to Pwm2::_setupPwmOut(float, float)
 .text._ZN4Pwm29_pwmWriteEf
                0x08004e38       0x20 ..\obj\pin.o
                0x08004e38                Pwm2::_pwmWrite(float)
 .text._ZThn8_N4Pwm29_pwmWriteEf
                0x08004e58        0x8 ..\obj\pin.o
                0x08004e58                non-virtual thunk to Pwm2::_pwmWrite(float)
 .text._ZN4Pwm29_pwmWriteEv
                0x08004e60       0x20 ..\obj\pin.o
                0x08004e60                Pwm2::_pwmWrite()
 .text._ZThn8_N4Pwm29_pwmWriteEv
                0x08004e80        0x8 ..\obj\pin.o
                0x08004e80                non-virtual thunk to Pwm2::_pwmWrite()
 .text._ZN4Pwm312_setupPwmOutEff
                0x08004e88       0x48 ..\obj\pin.o
                0x08004e88                Pwm3::_setupPwmOut(float, float)
 .text._ZThn8_N4Pwm312_setupPwmOutEff
                0x08004ed0        0x8 ..\obj\pin.o
                0x08004ed0                non-virtual thunk to Pwm3::_setupPwmOut(float, float)
 .text._ZN4Pwm39_pwmWriteEf
                0x08004ed8       0x20 ..\obj\pin.o
                0x08004ed8                Pwm3::_pwmWrite(float)
 .text._ZThn8_N4Pwm39_pwmWriteEf
                0x08004ef8        0x8 ..\obj\pin.o
                0x08004ef8                non-virtual thunk to Pwm3::_pwmWrite(float)
 .text._ZN4Pwm39_pwmWriteEv
                0x08004f00       0x20 ..\obj\pin.o
                0x08004f00                Pwm3::_pwmWrite()
 .text._ZThn8_N4Pwm39_pwmWriteEv
                0x08004f20        0x8 ..\obj\pin.o
                0x08004f20                non-virtual thunk to Pwm3::_pwmWrite()
 .text._ZN4Pwm412_setupPwmOutEff
                0x08004f28       0x48 ..\obj\pin.o
                0x08004f28                Pwm4::_setupPwmOut(float, float)
 .text._ZThn8_N4Pwm412_setupPwmOutEff
                0x08004f70        0x8 ..\obj\pin.o
                0x08004f70                non-virtual thunk to Pwm4::_setupPwmOut(float, float)
 .text._ZN4Pwm49_pwmWriteEf
                0x08004f78       0x20 ..\obj\pin.o
                0x08004f78                Pwm4::_pwmWrite(float)
 .text._ZThn8_N4Pwm49_pwmWriteEf
                0x08004f98        0x8 ..\obj\pin.o
                0x08004f98                non-virtual thunk to Pwm4::_pwmWrite(float)
 .text._ZN4Pwm49_pwmWriteEv
                0x08004fa0       0x20 ..\obj\pin.o
                0x08004fa0                Pwm4::_pwmWrite()
 .text._ZThn8_N4Pwm49_pwmWriteEv
                0x08004fc0        0x8 ..\obj\pin.o
                0x08004fc0                non-virtual thunk to Pwm4::_pwmWrite()
 .text._ZN4Pwm512_setupPwmOutEff
                0x08004fc8       0x48 ..\obj\pin.o
                0x08004fc8                Pwm5::_setupPwmOut(float, float)
 .text._ZThn8_N4Pwm512_setupPwmOutEff
                0x08005010        0x8 ..\obj\pin.o
                0x08005010                non-virtual thunk to Pwm5::_setupPwmOut(float, float)
 .text._ZN4Pwm59_pwmWriteEf
                0x08005018       0x20 ..\obj\pin.o
                0x08005018                Pwm5::_pwmWrite(float)
 .text._ZThn8_N4Pwm59_pwmWriteEf
                0x08005038        0x8 ..\obj\pin.o
                0x08005038                non-virtual thunk to Pwm5::_pwmWrite(float)
 .text._ZN4Pwm59_pwmWriteEv
                0x08005040       0x20 ..\obj\pin.o
                0x08005040                Pwm5::_pwmWrite()
 .text._ZThn8_N4Pwm59_pwmWriteEv
                0x08005060        0x8 ..\obj\pin.o
                0x08005060                non-virtual thunk to Pwm5::_pwmWrite()
 .text._ZN4Led212_setupPwmOutEff
                0x08005068       0x48 ..\obj\pin.o
                0x08005068                Led2::_setupPwmOut(float, float)
 .text._ZThn8_N4Led212_setupPwmOutEff
                0x080050b0        0x8 ..\obj\pin.o
                0x080050b0                non-virtual thunk to Led2::_setupPwmOut(float, float)
 .text._ZN4Led29_pwmWriteEf
                0x080050b8       0x20 ..\obj\pin.o
                0x080050b8                Led2::_pwmWrite(float)
 .text._ZThn8_N4Led29_pwmWriteEf
                0x080050d8        0x8 ..\obj\pin.o
                0x080050d8                non-virtual thunk to Led2::_pwmWrite(float)
 .text._ZN4Led29_pwmWriteEv
                0x080050e0       0x20 ..\obj\pin.o
                0x080050e0                Led2::_pwmWrite()
 .text._ZThn8_N4Led29_pwmWriteEv
                0x08005100        0x8 ..\obj\pin.o
                0x08005100                non-virtual thunk to Led2::_pwmWrite()
 .text._ZN4Led312_setupPwmOutEff
                0x08005108       0x48 ..\obj\pin.o
                0x08005108                Led3::_setupPwmOut(float, float)
 .text._ZThn8_N4Led312_setupPwmOutEff
                0x08005150        0x8 ..\obj\pin.o
                0x08005150                non-virtual thunk to Led3::_setupPwmOut(float, float)
 .text._ZN4Led39_pwmWriteEf
                0x08005158       0x20 ..\obj\pin.o
                0x08005158                Led3::_pwmWrite(float)
 .text._ZThn8_N4Led39_pwmWriteEf
                0x08005178        0x8 ..\obj\pin.o
                0x08005178                non-virtual thunk to Led3::_pwmWrite(float)
 .text._ZN4Led39_pwmWriteEv
                0x08005180       0x20 ..\obj\pin.o
                0x08005180                Led3::_pwmWrite()
 .text._ZThn8_N4Led39_pwmWriteEv
                0x080051a0        0x8 ..\obj\pin.o
                0x080051a0                non-virtual thunk to Led3::_pwmWrite()
 .text._ZN6Buzzer12_setupPwmOutEff
                0x080051a8       0x44 ..\obj\pin.o
                0x080051a8                Buzzer::_setupPwmOut(float, float)
 .text._ZThn8_N6Buzzer12_setupPwmOutEff
                0x080051ec        0x8 ..\obj\pin.o
                0x080051ec                non-virtual thunk to Buzzer::_setupPwmOut(float, float)
 .text._ZN6Buzzer9_pwmWriteEf
                0x080051f4       0x20 ..\obj\pin.o
                0x080051f4                Buzzer::_pwmWrite(float)
 .text._ZThn8_N6Buzzer9_pwmWriteEf
                0x08005214        0x8 ..\obj\pin.o
                0x08005214                non-virtual thunk to Buzzer::_pwmWrite(float)
 .text._ZN6Buzzer9_pwmWriteEv
                0x0800521c       0x20 ..\obj\pin.o
                0x0800521c                Buzzer::_pwmWrite()
 .text._ZThn8_N6Buzzer9_pwmWriteEv
                0x0800523c        0x8 ..\obj\pin.o
                0x0800523c                non-virtual thunk to Buzzer::_pwmWrite()
 .text._ZN7Serial06_setupEiR15SerialInterfaceii
                0x08005244       0x4c ..\obj\pin.o
                0x08005244                Serial0::_setup(int, SerialInterface&, int, int)
 .text._ZN7Serial09charWriteEc
                0x08005290       0x3c ..\obj\pin.o
                0x08005290                Serial0::charWrite(char)
 .text._Z17serial0_interruptv
                0x080052cc       0x2c ..\obj\pin.o
                0x080052cc                serial0_interrupt()
 .text.USART2_IRQHandler
                0x080052f8        0xc ..\obj\pin.o
                0x080052f8                USART2_IRQHandler
 .text._ZN7Serial16_setupEiR15SerialInterfaceii
                0x08005304       0x50 ..\obj\pin.o
                0x08005304                Serial1::_setup(int, SerialInterface&, int, int)
 .text._ZN7Serial19charWriteEc
                0x08005354       0x3c ..\obj\pin.o
                0x08005354                Serial1::charWrite(char)
 .text.std_char_out
                0x08005390       0x3c ..\obj\pin.o
                0x08005390                std_char_out
 .text.std_char_out_setup
                0x080053cc       0x60 ..\obj\pin.o
                0x080053cc                std_char_out_setup
 .text._ZN10RingBufferIcLi256EEC2Ev
                0x0800542c       0x28 ..\obj\pin.o
                0x0800542c                RingBuffer<char, 256>::RingBuffer()
                0x0800542c                RingBuffer<char, 256>::RingBuffer()
 .text._ZN10RingBufferIcLi256EE5writeEc
                0x08005454       0x60 ..\obj\pin.o
                0x08005454                RingBuffer<char, 256>::write(char)
 .text._ZN10RingBufferIcLi256EE7isEmptyEv
                0x080054b4       0x2c ..\obj\pin.o
                0x080054b4                RingBuffer<char, 256>::isEmpty()
 .text._ZN10RingBufferIcLi256EE4readEv
                0x080054e0       0x5c ..\obj\pin.o
                0x080054e0                RingBuffer<char, 256>::read()
 .text._ZN7EncoderC2Ev
                0x0800553c       0x34 ..\obj\main.o
                0x0800553c                Encoder::Encoder()
                0x0800553c                Encoder::Encoder()
 .text._ZN7DigitalC2Ev
                0x08005570       0x20 ..\obj\main.o
                0x08005570                Digital::Digital()
                0x08005570                Digital::Digital()
 .text._ZN3PwmC2Ev
                0x08005590       0x20 ..\obj\main.o
                0x08005590                Pwm::Pwm()
                0x08005590                Pwm::Pwm()
 .text._ZN4Pwm0C2Ev
                0x080055b0       0x40 ..\obj\main.o
                0x080055b0                Pwm0::Pwm0()
                0x080055b0                Pwm0::Pwm0()
 .text._ZN4Pwm1C2Ev
                0x080055f0       0x40 ..\obj\main.o
                0x080055f0                Pwm1::Pwm1()
                0x080055f0                Pwm1::Pwm1()
 .text._ZN4Pwm2C2Ev
                0x08005630       0x40 ..\obj\main.o
                0x08005630                Pwm2::Pwm2()
                0x08005630                Pwm2::Pwm2()
 .text._ZN3CW0C2Ev
                0x08005670       0x24 ..\obj\main.o
                0x08005670                CW0::CW0()
                0x08005670                CW0::CW0()
 .text._ZN4CCW0C2Ev
                0x08005694       0x24 ..\obj\main.o
                0x08005694                CCW0::CCW0()
                0x08005694                CCW0::CCW0()
 .text._ZN3CW1C2Ev
                0x080056b8       0x24 ..\obj\main.o
                0x080056b8                CW1::CW1()
                0x080056b8                CW1::CW1()
 .text._ZN4CCW1C2Ev
                0x080056dc       0x24 ..\obj\main.o
                0x080056dc                CCW1::CCW1()
                0x080056dc                CCW1::CCW1()
 .text._ZN3CW2C2Ev
                0x08005700       0x24 ..\obj\main.o
                0x08005700                CW2::CW2()
                0x08005700                CW2::CW2()
 .text._ZN4CCW2C2Ev
                0x08005724       0x24 ..\obj\main.o
                0x08005724                CCW2::CCW2()
                0x08005724                CCW2::CCW2()
 .text._ZN4Enc0C2Ev
                0x08005748       0x24 ..\obj\main.o
                0x08005748                Enc0::Enc0()
                0x08005748                Enc0::Enc0()
 .text._ZN4Enc1C2Ev
                0x0800576c       0x24 ..\obj\main.o
                0x0800576c                Enc1::Enc1()
                0x0800576c                Enc1::Enc1()
 .text._ZN4Enc2C2Ev
                0x08005790       0x24 ..\obj\main.o
                0x08005790                Enc2::Enc2()
                0x08005790                Enc2::Enc2()
 .text._ZN6SerialC2Ev
                0x080057b4       0x20 ..\obj\main.o
                0x080057b4                Serial::Serial()
                0x080057b4                Serial::Serial()
 .text._ZN7Serial0C2Ev
                0x080057d4       0x24 ..\obj\main.o
                0x080057d4                Serial0::Serial0()
                0x080057d4                Serial0::Serial0()
 .text.main     0x080057f8      0x848 ..\obj\main.o
                0x080057f8                main
 .text.RCC_GetClocksFreq
                0x08006040      0x154 ..\obj\stm32f4xx_rcc.o
                0x08006040                RCC_GetClocksFreq
 .text.RCC_AHB1PeriphClockCmd
                0x08006194       0x3c ..\obj\stm32f4xx_rcc.o
                0x08006194                RCC_AHB1PeriphClockCmd
 .text.RCC_APB1PeriphClockCmd
                0x080061d0       0x3c ..\obj\stm32f4xx_rcc.o
                0x080061d0                RCC_APB1PeriphClockCmd
 .text.RCC_APB2PeriphClockCmd
                0x0800620c       0x3c ..\obj\stm32f4xx_rcc.o
                0x0800620c                RCC_APB2PeriphClockCmd
 .text.RCC_APB2PeriphResetCmd
                0x08006248       0x3c ..\obj\stm32f4xx_rcc.o
                0x08006248                RCC_APB2PeriphResetCmd
 .text.system_setup
                0x08006284       0x2c ..\obj\system.o
                0x08006284                system_setup
 .text.ADC_DeInit
                0x080062b0       0x1c ..\obj\stm32f4xx_adc.o
                0x080062b0                ADC_DeInit
 .text.ADC_Init
                0x080062cc       0xa8 ..\obj\stm32f4xx_adc.o
                0x080062cc                ADC_Init
 .text.ADC_StructInit
                0x08006374       0x3c ..\obj\stm32f4xx_adc.o
                0x08006374                ADC_StructInit
 .text.ADC_CommonInit
                0x080063b0       0x50 ..\obj\stm32f4xx_adc.o
                0x080063b0                ADC_CommonInit
 .text.ADC_CommonStructInit
                0x08006400       0x2c ..\obj\stm32f4xx_adc.o
                0x08006400                ADC_CommonStructInit
 .text.ADC_Cmd  0x0800642c       0x38 ..\obj\stm32f4xx_adc.o
                0x0800642c                ADC_Cmd
 .text.ADC_RegularChannelConfig
                0x08006464      0x194 ..\obj\stm32f4xx_adc.o
                0x08006464                ADC_RegularChannelConfig
 .text.ADC_SoftwareStartConv
                0x080065f8       0x20 ..\obj\stm32f4xx_adc.o
                0x080065f8                ADC_SoftwareStartConv
 .text.ADC_DMACmd
                0x08006618       0x38 ..\obj\stm32f4xx_adc.o
                0x08006618                ADC_DMACmd
 .text.ADC_DMARequestAfterLastTransferCmd
                0x08006650       0x38 ..\obj\stm32f4xx_adc.o
                0x08006650                ADC_DMARequestAfterLastTransferCmd
 .text.Select_ADC_channel
                0x08006688      0x100 ..\obj\config_adc.o
                0x08006688                Select_ADC_channel
 .text.Init_ADC1
                0x08006788      0x1d0 ..\obj\config_adc.o
                0x08006788                Init_ADC1
 .text.get_ADC1_value
                0x08006958       0x64 ..\obj\config_adc.o
                0x08006958                get_ADC1_value
 .text.NMI_Handler
                0x080069bc       0x1c ..\obj\error.o
                0x080069bc                NMI_Handler
 .text.HardFault_Handler
                0x080069d8       0x1c ..\obj\error.o
                0x080069d8                HardFault_Handler
 .text.MemManage_Handler
                0x080069f4       0x1c ..\obj\error.o
                0x080069f4                MemManage_Handler
 .text.BusFault_Handler
                0x08006a10       0x1c ..\obj\error.o
                0x08006a10                BusFault_Handler
 .text.UsageFault_Handler
                0x08006a2c       0x1c ..\obj\error.o
                0x08006a2c                UsageFault_Handler
 .text.SVC_Handler
                0x08006a48       0x1c ..\obj\error.o
                0x08006a48                SVC_Handler
 .text.DebugMon_Handler
                0x08006a64       0x1c ..\obj\error.o
                0x08006a64                DebugMon_Handler
 .text.PendSV_Handler
                0x08006a80       0x1c ..\obj\error.o
                0x08006a80                PendSV_Handler
 .text.NVIC_SetPriority
                0x08006a9c       0x54 ..\obj\config_systick.o
 .text.SysTick_Config
                0x08006af0       0x44 ..\obj\config_systick.o
 .text.Init_SysTick
                0x08006b34       0x44 ..\obj\config_systick.o
                0x08006b34                Init_SysTick
 .text.SD_ProcessIRQSrc
                0x08006b78       0xc8 ..\obj\stm32_ub_sdcard.o
                0x08006b78                SD_ProcessIRQSrc
 .text.SD_ProcessDMAIRQ
                0x08006c40       0x30 ..\obj\stm32_ub_sdcard.o
                0x08006c40                SD_ProcessDMAIRQ
 .text.SDIO_IRQHandler
                0x08006c70        0xc ..\obj\stm32_ub_sdcard.o
                0x08006c70                SDIO_IRQHandler
 .text.DMA2_Stream3_IRQHandler
                0x08006c7c        0xc ..\obj\stm32_ub_sdcard.o
                0x08006c7c                DMA2_Stream3_IRQHandler
 .text.GPIO_Init
                0x08006c88      0x11c ..\obj\stm32f4xx_gpio.o
                0x08006c88                GPIO_Init
 .text.GPIO_StructInit
                0x08006da4       0x34 ..\obj\stm32f4xx_gpio.o
                0x08006da4                GPIO_StructInit
 .text.GPIO_ReadInputDataBit
                0x08006dd8       0x34 ..\obj\stm32f4xx_gpio.o
                0x08006dd8                GPIO_ReadInputDataBit
 .text.GPIO_ReadOutputDataBit
                0x08006e0c       0x34 ..\obj\stm32f4xx_gpio.o
                0x08006e0c                GPIO_ReadOutputDataBit
 .text.GPIO_SetBits
                0x08006e40       0x1c ..\obj\stm32f4xx_gpio.o
                0x08006e40                GPIO_SetBits
 .text.GPIO_ResetBits
                0x08006e5c       0x1c ..\obj\stm32f4xx_gpio.o
                0x08006e5c                GPIO_ResetBits
 .text.GPIO_PinAFConfig
                0x08006e78       0x90 ..\obj\stm32f4xx_gpio.o
                0x08006e78                GPIO_PinAFConfig
 .text.SystemInit
                0x08006f08       0x58 ..\obj\system_stm32f4xx.o
                0x08006f08                SystemInit
 .text.SystemCoreClockUpdate
                0x08006f60       0xf8 ..\obj\system_stm32f4xx.o
                0x08006f60                SystemCoreClockUpdate
 .text.SetSysClock
                0x08007058       0xf4 ..\obj\system_stm32f4xx.o
 .text._sbrk    0x0800714c       0x40 ..\obj\syscalls.o
                0x0800714c                _sbrk
 .text._close   0x0800718c       0x18 ..\obj\syscalls.o
                0x0800718c                _close
 .text._fstat   0x080071a4       0x20 ..\obj\syscalls.o
                0x080071a4                _fstat
 .text._isatty  0x080071c4       0x18 ..\obj\syscalls.o
                0x080071c4                _isatty
 .text._lseek   0x080071dc       0x1c ..\obj\syscalls.o
                0x080071dc                _lseek
 .text._read    0x080071f8       0x1c ..\obj\syscalls.o
                0x080071f8                _read
 .text._write   0x08007214       0x38 ..\obj\syscalls.o
                0x08007214                _write
 .text.abort    0x0800724c        0x8 ..\obj\syscalls.o
                0x0800724c                abort
 .text.DMA_DeInit
                0x08007254      0x1a4 ..\obj\stm32f4xx_dma.o
                0x08007254                DMA_DeInit
 .text.DMA_Init
                0x080073f8       0xac ..\obj\stm32f4xx_dma.o
                0x080073f8                DMA_Init
 .text.DMA_StructInit
                0x080074a4       0x6c ..\obj\stm32f4xx_dma.o
                0x080074a4                DMA_StructInit
 .text.DMA_Cmd  0x08007510       0x38 ..\obj\stm32f4xx_dma.o
                0x08007510                DMA_Cmd
 .text.DMA_ClearFlag
                0x08007548       0x5c ..\obj\stm32f4xx_dma.o
                0x08007548                DMA_ClearFlag
 .text.USB_OTG_BSP_uDelay
                0x080075a4       0x48 ..\obj\usb_bsp.o
                0x080075a4                USB_OTG_BSP_uDelay
 .text.USBD_StdDevReq
                0x080075ec       0xa0 ..\obj\usbd_req.o
                0x080075ec                USBD_StdDevReq
 .text.USBD_StdItfReq
                0x0800768c       0x68 ..\obj\usbd_req.o
                0x0800768c                USBD_StdItfReq
 .text.USBD_StdEPReq
                0x080076f4      0x1b0 ..\obj\usbd_req.o
                0x080076f4                USBD_StdEPReq
 .text.USBD_GetDescriptor
                0x080078a4      0x1b8 ..\obj\usbd_req.o
 .text.USBD_SetAddress
                0x08007a5c       0x7c ..\obj\usbd_req.o
 .text.USBD_SetConfig
                0x08007ad8       0xf4 ..\obj\usbd_req.o
 .text.USBD_GetConfig
                0x08007bcc       0x60 ..\obj\usbd_req.o
 .text.USBD_GetStatus
                0x08007c2c       0x50 ..\obj\usbd_req.o
 .text.USBD_SetFeature
                0x08007c7c       0xcc ..\obj\usbd_req.o
 .text.USBD_ClrFeature
                0x08007d48       0x50 ..\obj\usbd_req.o
 .text.USBD_ParseSetupRequest
                0x08007d98       0x90 ..\obj\usbd_req.o
                0x08007d98                USBD_ParseSetupRequest
 .text.USBD_CtlError
                0x08007e28       0x48 ..\obj\usbd_req.o
                0x08007e28                USBD_CtlError
 .text.USBD_OTG_ISR_Handler
                0x08007e70      0x15c ..\obj\usb_dcd_int.o
                0x08007e70                USBD_OTG_ISR_Handler
 .text.DCD_HandleResume_ISR
                0x08007fcc       0x80 ..\obj\usb_dcd_int.o
 .text.DCD_HandleUSBSuspend_ISR
                0x0800804c       0x9c ..\obj\usb_dcd_int.o
 .text.DCD_HandleInEP_ISR
                0x080080e8      0x1ec ..\obj\usb_dcd_int.o
 .text.DCD_HandleOutEP_ISR
                0x080082d4      0x178 ..\obj\usb_dcd_int.o
 .text.DCD_HandleSof_ISR
                0x0800844c       0x34 ..\obj\usb_dcd_int.o
 .text.DCD_HandleRxStatusQueueLevel_ISR
                0x08008480      0x104 ..\obj\usb_dcd_int.o
 .text.DCD_WriteEmptyTxFifo
                0x08008584       0xe4 ..\obj\usb_dcd_int.o
 .text.DCD_HandleUsbReset_ISR
                0x08008668      0x138 ..\obj\usb_dcd_int.o
 .text.DCD_HandleEnumDone_ISR
                0x080087a0       0x78 ..\obj\usb_dcd_int.o
 .text.DCD_IsoINIncomplete_ISR
                0x08008818       0x34 ..\obj\usb_dcd_int.o
 .text.DCD_IsoOUTIncomplete_ISR
                0x0800884c       0x34 ..\obj\usb_dcd_int.o
 .text.DCD_ReadDevInEP
                0x08008880       0x50 ..\obj\usb_dcd_int.o
 .text.EXTI_ClearITPendingBit
                0x080088d0       0x1c ..\obj\stm32f4xx_exti.o
                0x080088d0                EXTI_ClearITPendingBit
 .text.Analysis_GPIO_Pin
                0x080088ec      0x168 ..\obj\name_converter.o
                0x080088ec                Analysis_GPIO_Pin
 .text.GPIO_af_USART_select
                0x08008a54       0x84 ..\obj\name_converter.o
                0x08008a54                GPIO_af_USART_select
 .text.USART_irqn_select
                0x08008ad8       0x84 ..\obj\name_converter.o
                0x08008ad8                USART_irqn_select
 .text.Tim_irqn_select
                0x08008b5c       0x94 ..\obj\name_converter.o
                0x08008b5c                Tim_irqn_select
 .text.RCC_PeriphClock_TIM
                0x08008bf0      0x1b0 ..\obj\name_converter.o
                0x08008bf0                RCC_PeriphClock_TIM
 .text.RCC_PeriphClock_USART
                0x08008da0      0x12c ..\obj\name_converter.o
                0x08008da0                RCC_PeriphClock_USART
 .text.NVIC_Configuration
                0x08008ecc       0x2c ..\obj\name_converter.o
                0x08008ecc                NVIC_Configuration
 .text.Pin_select_source
                0x08008ef8       0xec ..\obj\name_converter.o
                0x08008ef8                Pin_select_source
 .text.Tim_select_af
                0x08008fe4       0xb8 ..\obj\name_converter.o
                0x08008fe4                Tim_select_af
 .text.NVIC_PriorityGroupConfig
                0x0800909c       0x24 ..\obj\misc.o
                0x0800909c                NVIC_PriorityGroupConfig
 .text.NVIC_Init
                0x080090c0       0xc0 ..\obj\misc.o
                0x080090c0                NVIC_Init
 .text.DCD_EP_Open
                0x08009180       0xa8 ..\obj\usb_dcd.o
                0x08009180                DCD_EP_Open
 .text.DCD_EP_PrepareRx
                0x08009228       0x84 ..\obj\usb_dcd.o
                0x08009228                DCD_EP_PrepareRx
 .text.DCD_EP_Tx
                0x080092ac       0x78 ..\obj\usb_dcd.o
                0x080092ac                DCD_EP_Tx
 .text.DCD_EP_Stall
                0x08009324       0x74 ..\obj\usb_dcd.o
                0x08009324                DCD_EP_Stall
 .text.DCD_EP_ClrStall
                0x08009398       0x74 ..\obj\usb_dcd.o
                0x08009398                DCD_EP_ClrStall
 .text.DCD_EP_SetAddress
                0x0800940c       0x3c ..\obj\usb_dcd.o
                0x0800940c                DCD_EP_SetAddress
 .text._ZN15SerialInterface14serialReadCharEc
                0x08009448       0xd4 ..\obj\serial.o
                0x08009448                SerialInterface::serialReadChar(char)
 .text._ZN6Serial6printfEPKcz
                0x0800951c       0x48 ..\obj\serial.o
                0x0800951c                Serial::printf(char const*, ...)
 .text.USBD_CtlSendData
                0x08009564       0x40 ..\obj\usbd_ioreq.o
                0x08009564                USBD_CtlSendData
 .text.USBD_CtlContinueSendData
                0x080095a4       0x28 ..\obj\usbd_ioreq.o
                0x080095a4                USBD_CtlContinueSendData
 .text.USBD_CtlContinueRx
                0x080095cc       0x28 ..\obj\usbd_ioreq.o
                0x080095cc                USBD_CtlContinueRx
 .text.USBD_CtlSendStatus
                0x080095f4       0x30 ..\obj\usbd_ioreq.o
                0x080095f4                USBD_CtlSendStatus
 .text.USBD_CtlReceiveStatus
                0x08009624       0x30 ..\obj\usbd_ioreq.o
                0x08009624                USBD_CtlReceiveStatus
 .text.Init_USART
                0x08009654       0xdc ..\obj\config_usart.o
                0x08009654                Init_USART
 .text.TIM_TimeBaseInit
                0x08009730       0xd4 ..\obj\stm32f4xx_tim.o
                0x08009730                TIM_TimeBaseInit
 .text.TIM_PrescalerConfig
                0x08009804       0x28 ..\obj\stm32f4xx_tim.o
                0x08009804                TIM_PrescalerConfig
 .text.TIM_SetCounter
                0x0800982c       0x1c ..\obj\stm32f4xx_tim.o
                0x0800982c                TIM_SetCounter
 .text.TIM_GetCounter
                0x08009848       0x18 ..\obj\stm32f4xx_tim.o
                0x08009848                TIM_GetCounter
 .text.TIM_ARRPreloadConfig
                0x08009860       0x40 ..\obj\stm32f4xx_tim.o
                0x08009860                TIM_ARRPreloadConfig
 .text.TIM_Cmd  0x080098a0       0x40 ..\obj\stm32f4xx_tim.o
                0x080098a0                TIM_Cmd
 .text.TIM_OC1Init
                0x080098e0       0xf4 ..\obj\stm32f4xx_tim.o
                0x080098e0                TIM_OC1Init
 .text.TIM_OC2Init
                0x080099d4      0x110 ..\obj\stm32f4xx_tim.o
                0x080099d4                TIM_OC2Init
 .text.TIM_OC3Init
                0x08009ae4      0x10c ..\obj\stm32f4xx_tim.o
                0x08009ae4                TIM_OC3Init
 .text.TIM_OC4Init
                0x08009bf0       0xcc ..\obj\stm32f4xx_tim.o
                0x08009bf0                TIM_OC4Init
 .text.TIM_OC1PreloadConfig
                0x08009cbc       0x38 ..\obj\stm32f4xx_tim.o
                0x08009cbc                TIM_OC1PreloadConfig
 .text.TIM_OC2PreloadConfig
                0x08009cf4       0x3c ..\obj\stm32f4xx_tim.o
                0x08009cf4                TIM_OC2PreloadConfig
 .text.TIM_OC3PreloadConfig
                0x08009d30       0x38 ..\obj\stm32f4xx_tim.o
                0x08009d30                TIM_OC3PreloadConfig
 .text.TIM_OC4PreloadConfig
                0x08009d68       0x3c ..\obj\stm32f4xx_tim.o
                0x08009d68                TIM_OC4PreloadConfig
 .text.TIM_BDTRConfig
                0x08009da4       0x50 ..\obj\stm32f4xx_tim.o
                0x08009da4                TIM_BDTRConfig
 .text.TIM_BDTRStructInit
                0x08009df4       0x3c ..\obj\stm32f4xx_tim.o
                0x08009df4                TIM_BDTRStructInit
 .text.TIM_CtrlPWMOutputs
                0x08009e30       0x4c ..\obj\stm32f4xx_tim.o
                0x08009e30                TIM_CtrlPWMOutputs
 .text.TIM_ITConfig
                0x08009e7c       0x48 ..\obj\stm32f4xx_tim.o
                0x08009e7c                TIM_ITConfig
 .text.TIM_ClearITPendingBit
                0x08009ec4       0x20 ..\obj\stm32f4xx_tim.o
                0x08009ec4                TIM_ClearITPendingBit
 .text.TIM_EncoderInterfaceConfig
                0x08009ee4       0x98 ..\obj\stm32f4xx_tim.o
                0x08009ee4                TIM_EncoderInterfaceConfig
 .text.atanf    0x08009f7c      0x22c c:/program files (x86)/gnu tools arm embedded/4.9 2014q4/bin/../lib/gcc/arm-none-eabi/4.9.3/../../../../arm-none-eabi/lib/armv7e-m\libm.a(lib_a-sf_atan.o)
                0x08009f7c                atanf
 .text.cosf     0x0800a1a8       0x6c c:/program files (x86)/gnu tools arm embedded/4.9 2014q4/bin/../lib/gcc/arm-none-eabi/4.9.3/../../../../arm-none-eabi/lib/armv7e-m\libm.a(lib_a-sf_cos.o)
                0x0800a1a8                cosf
 .text.fabsf    0x0800a214        0x8 c:/program files (x86)/gnu tools arm embedded/4.9 2014q4/bin/../lib/gcc/arm-none-eabi/4.9.3/../../../../arm-none-eabi/lib/armv7e-m\libm.a(lib_a-sf_fabs.o)
                0x0800a214                fabsf
 .text.sinf     0x0800a21c       0x7c c:/program files (x86)/gnu tools arm embedded/4.9 2014q4/bin/../lib/gcc/arm-none-eabi/4.9.3/../../../../arm-none-eabi/lib/armv7e-m\libm.a(lib_a-sf_sin.o)
                0x0800a21c                sinf
 .text.pow      0x0800a298      0x2ec c:/program files (x86)/gnu tools arm embedded/4.9 2014q4/bin/../lib/gcc/arm-none-eabi/4.9.3/../../../../arm-none-eabi/lib/armv7e-m\libm.a(lib_a-w_pow.o)
                0x0800a298                pow
 .text.hypotf   0x0800a584       0xb0 c:/program files (x86)/gnu tools arm embedded/4.9 2014q4/bin/../lib/gcc/arm-none-eabi/4.9.3/../../../../arm-none-eabi/lib/armv7e-m\libm.a(lib_a-wf_hypot.o)
                0x0800a584                hypotf
 *fill*         0x0800a634        0x4 
 .text.__ieee754_pow
                0x0800a638      0xaa8 c:/program files (x86)/gnu tools arm embedded/4.9 2014q4/bin/../lib/gcc/arm-none-eabi/4.9.3/../../../../arm-none-eabi/lib/armv7e-m\libm.a(lib_a-e_pow.o)
                0x0800a638                __ieee754_pow
 .text.__ieee754_sqrt
                0x0800b0e0      0x188 c:/program files (x86)/gnu tools arm embedded/4.9 2014q4/bin/../lib/gcc/arm-none-eabi/4.9.3/../../../../arm-none-eabi/lib/armv7e-m\libm.a(lib_a-e_sqrt.o)
                0x0800b0e0                __ieee754_sqrt
 .text.__ieee754_hypotf
                0x0800b268      0x180 c:/program files (x86)/gnu tools arm embedded/4.9 2014q4/bin/../lib/gcc/arm-none-eabi/4.9.3/../../../../arm-none-eabi/lib/armv7e-m\libm.a(lib_a-ef_hypot.o)
                0x0800b268                __ieee754_hypotf
 .text.__ieee754_rem_pio2f
                0x0800b3e8      0x2e4 c:/program files (x86)/gnu tools arm embedded/4.9 2014q4/bin/../lib/gcc/arm-none-eabi/4.9.3/../../../../arm-none-eabi/lib/armv7e-m\libm.a(lib_a-ef_rem_pio2.o)
                0x0800b3e8                __ieee754_rem_pio2f
 .text.__ieee754_sqrtf
                0x0800b6cc       0xa8 c:/program files (x86)/gnu tools arm embedded/4.9 2014q4/bin/../lib/gcc/arm-none-eabi/4.9.3/../../../../arm-none-eabi/lib/armv7e-m\libm.a(lib_a-ef_sqrt.o)
                0x0800b6cc                __ieee754_sqrtf
 .text.__kernel_cosf
                0x0800b774      0x188 c:/program files (x86)/gnu tools arm embedded/4.9 2014q4/bin/../lib/gcc/arm-none-eabi/4.9.3/../../../../arm-none-eabi/lib/armv7e-m\libm.a(lib_a-kf_cos.o)
                0x0800b774                __kernel_cosf
 .text.__kernel_rem_pio2f
                0x0800b8fc      0x670 c:/program files (x86)/gnu tools arm embedded/4.9 2014q4/bin/../lib/gcc/arm-none-eabi/4.9.3/../../../../arm-none-eabi/lib/armv7e-m\libm.a(lib_a-kf_rem_pio2.o)
                0x0800b8fc                __kernel_rem_pio2f
 .text.__kernel_sinf